Archive member included to satisfy reference by file (symbol)

c:/st/stm32cubeide_1.12.1/stm32cubeide/plugins/com.st.stm32cube.ide.mcu.externaltools.gnu-tools-for-stm32.10.3-2021.10.win32_1.0.200.202301161003/tools/bin/../lib/gcc/arm-none-eabi/10.3.1/../../../../arm-none-eabi/lib/thumb/v6-m/nofp\libc_nano.a(lib_a-errno.o)
                              ./Core/Src/syscalls.o (__errno)
c:/st/stm32cubeide_1.12.1/stm32cubeide/plugins/com.st.stm32cube.ide.mcu.externaltools.gnu-tools-for-stm32.10.3-2021.10.win32_1.0.200.202301161003/tools/bin/../lib/gcc/arm-none-eabi/10.3.1/../../../../arm-none-eabi/lib/thumb/v6-m/nofp\libc_nano.a(lib_a-exit.o)
                              c:/st/stm32cubeide_1.12.1/stm32cubeide/plugins/com.st.stm32cube.ide.mcu.externaltools.gnu-tools-for-stm32.10.3-2021.10.win32_1.0.200.202301161003/tools/bin/../lib/gcc/arm-none-eabi/10.3.1/../../../../arm-none-eabi/lib/thumb/v6-m/nofp/crt0.o (exit)
c:/st/stm32cubeide_1.12.1/stm32cubeide/plugins/com.st.stm32cube.ide.mcu.externaltools.gnu-tools-for-stm32.10.3-2021.10.win32_1.0.200.202301161003/tools/bin/../lib/gcc/arm-none-eabi/10.3.1/../../../../arm-none-eabi/lib/thumb/v6-m/nofp\libc_nano.a(lib_a-impure.o)
                              c:/st/stm32cubeide_1.12.1/stm32cubeide/plugins/com.st.stm32cube.ide.mcu.externaltools.gnu-tools-for-stm32.10.3-2021.10.win32_1.0.200.202301161003/tools/bin/../lib/gcc/arm-none-eabi/10.3.1/../../../../arm-none-eabi/lib/thumb/v6-m/nofp\libc_nano.a(lib_a-exit.o) (_global_impure_ptr)
c:/st/stm32cubeide_1.12.1/stm32cubeide/plugins/com.st.stm32cube.ide.mcu.externaltools.gnu-tools-for-stm32.10.3-2021.10.win32_1.0.200.202301161003/tools/bin/../lib/gcc/arm-none-eabi/10.3.1/../../../../arm-none-eabi/lib/thumb/v6-m/nofp\libc_nano.a(lib_a-init.o)
                              c:/st/stm32cubeide_1.12.1/stm32cubeide/plugins/com.st.stm32cube.ide.mcu.externaltools.gnu-tools-for-stm32.10.3-2021.10.win32_1.0.200.202301161003/tools/bin/../lib/gcc/arm-none-eabi/10.3.1/../../../../arm-none-eabi/lib/thumb/v6-m/nofp/crt0.o (__libc_init_array)
c:/st/stm32cubeide_1.12.1/stm32cubeide/plugins/com.st.stm32cube.ide.mcu.externaltools.gnu-tools-for-stm32.10.3-2021.10.win32_1.0.200.202301161003/tools/bin/../lib/gcc/arm-none-eabi/10.3.1/../../../../arm-none-eabi/lib/thumb/v6-m/nofp\libc_nano.a(lib_a-memset.o)
                              c:/st/stm32cubeide_1.12.1/stm32cubeide/plugins/com.st.stm32cube.ide.mcu.externaltools.gnu-tools-for-stm32.10.3-2021.10.win32_1.0.200.202301161003/tools/bin/../lib/gcc/arm-none-eabi/10.3.1/../../../../arm-none-eabi/lib/thumb/v6-m/nofp/crt0.o (memset)
c:/st/stm32cubeide_1.12.1/stm32cubeide/plugins/com.st.stm32cube.ide.mcu.externaltools.gnu-tools-for-stm32.10.3-2021.10.win32_1.0.200.202301161003/tools/bin/../lib/gcc/arm-none-eabi/10.3.1/thumb/v6-m/nofp\libgcc.a(_udivsi3.o)
                              ./Core/Src/system_stm32f0xx.o (__aeabi_uidiv)
c:/st/stm32cubeide_1.12.1/stm32cubeide/plugins/com.st.stm32cube.ide.mcu.externaltools.gnu-tools-for-stm32.10.3-2021.10.win32_1.0.200.202301161003/tools/bin/../lib/gcc/arm-none-eabi/10.3.1/thumb/v6-m/nofp\libgcc.a(_dvmd_tls.o)
                              c:/st/stm32cubeide_1.12.1/stm32cubeide/plugins/com.st.stm32cube.ide.mcu.externaltools.gnu-tools-for-stm32.10.3-2021.10.win32_1.0.200.202301161003/tools/bin/../lib/gcc/arm-none-eabi/10.3.1/thumb/v6-m/nofp\libgcc.a(_udivsi3.o) (__aeabi_idiv0)

Discarded input sections

 .text          0x0000000000000000        0x0 c:/st/stm32cubeide_1.12.1/stm32cubeide/plugins/com.st.stm32cube.ide.mcu.externaltools.gnu-tools-for-stm32.10.3-2021.10.win32_1.0.200.202301161003/tools/bin/../lib/gcc/arm-none-eabi/10.3.1/thumb/v6-m/nofp/crti.o
 .data          0x0000000000000000        0x0 c:/st/stm32cubeide_1.12.1/stm32cubeide/plugins/com.st.stm32cube.ide.mcu.externaltools.gnu-tools-for-stm32.10.3-2021.10.win32_1.0.200.202301161003/tools/bin/../lib/gcc/arm-none-eabi/10.3.1/thumb/v6-m/nofp/crti.o
 .bss           0x0000000000000000        0x0 c:/st/stm32cubeide_1.12.1/stm32cubeide/plugins/com.st.stm32cube.ide.mcu.externaltools.gnu-tools-for-stm32.10.3-2021.10.win32_1.0.200.202301161003/tools/bin/../lib/gcc/arm-none-eabi/10.3.1/thumb/v6-m/nofp/crti.o
 .data          0x0000000000000000        0x4 c:/st/stm32cubeide_1.12.1/stm32cubeide/plugins/com.st.stm32cube.ide.mcu.externaltools.gnu-tools-for-stm32.10.3-2021.10.win32_1.0.200.202301161003/tools/bin/../lib/gcc/arm-none-eabi/10.3.1/thumb/v6-m/nofp/crtbegin.o
 .rodata        0x0000000000000000       0x24 c:/st/stm32cubeide_1.12.1/stm32cubeide/plugins/com.st.stm32cube.ide.mcu.externaltools.gnu-tools-for-stm32.10.3-2021.10.win32_1.0.200.202301161003/tools/bin/../lib/gcc/arm-none-eabi/10.3.1/thumb/v6-m/nofp/crtbegin.o
 .text          0x0000000000000000       0x80 c:/st/stm32cubeide_1.12.1/stm32cubeide/plugins/com.st.stm32cube.ide.mcu.externaltools.gnu-tools-for-stm32.10.3-2021.10.win32_1.0.200.202301161003/tools/bin/../lib/gcc/arm-none-eabi/10.3.1/../../../../arm-none-eabi/lib/thumb/v6-m/nofp/crt0.o
[...]
Memory Configuration

Name             Origin             Length             Attributes
RAM              0x0000000020000000 0x0000000000001000 xrw
FLASH            0x0000000008000000 0x0000000000004000 xr
*default*        0x0000000000000000 0xffffffffffffffff

Linker script and memory map

LOAD c:/st/stm32cubeide_1.12.1/stm32cubeide/plugins/com.st.stm32cube.ide.mcu.externaltools.gnu-tools-for-stm32.10.3-2021.10.win32_1.0.200.202301161003/tools/bin/../lib/gcc/arm-none-eabi/10.3.1/thumb/v6-m/nofp/crti.o
LOAD c:/st/stm32cubeide_1.12.1/stm32cubeide/plugins/com.st.stm32cube.ide.mcu.externaltools.gnu-tools-for-stm32.10.3-2021.10.win32_1.0.200.202301161003/tools/bin/../lib/gcc/arm-none-eabi/10.3.1/thumb/v6-m/nofp/crtbegin.o
LOAD c:/st/stm32cubeide_1.12.1/stm32cubeide/plugins/com.st.stm32cube.ide.mcu.externaltools.gnu-tools-for-stm32.10.3-2021.10.win32_1.0.200.202301161003/tools/bin/../lib/gcc/arm-none-eabi/10.3.1/../../../../arm-none-eabi/lib/thumb/v6-m/nofp/crt0.o
LOAD ./Core/Src/LEDHANDLER/LedHandler_Main.o
LOAD ./Core/Src/OS/Os.o
LOAD ./Core/Src/main.o
LOAD ./Core/Src/stm32f0xx_hal_msp.o
LOAD ./Core/Src/stm32f0xx_it.o
LOAD ./Core/Src/syscalls.o
LOAD ./Core/Src/sysmem.o
LOAD ./Core/Src/system_stm32f0xx.o
LOAD ./Core/Startup/startup_stm32f030f4px.o
LOAD ./Drivers/STM32F0xx_HAL_Driver/Src/stm32f0xx_hal.o
LOAD ./Drivers/STM32F0xx_HAL_Driver/Src/stm32f0xx_hal_cortex.o
LOAD ./Drivers/STM32F0xx_HAL_Driver/Src/stm32f0xx_hal_dma.o
LOAD ./Drivers/STM32F0xx_HAL_Driver/Src/stm32f0xx_hal_exti.o
LOAD ./Drivers/STM32F0xx_HAL_Driver/Src/stm32f0xx_hal_flash.o
LOAD ./Drivers/STM32F0xx_HAL_Driver/Src/stm32f0xx_hal_flash_ex.o
LOAD ./Drivers/STM32F0xx_HAL_Driver/Src/stm32f0xx_hal_gpio.o
LOAD ./Drivers/STM32F0xx_HAL_Driver/Src/stm32f0xx_hal_i2c.o
LOAD ./Drivers/STM32F0xx_HAL_Driver/Src/stm32f0xx_hal_i2c_ex.o
LOAD ./Drivers/STM32F0xx_HAL_Driver/Src/stm32f0xx_hal_pwr.o
LOAD ./Drivers/STM32F0xx_HAL_Driver/Src/stm32f0xx_hal_pwr_ex.o
LOAD ./Drivers/STM32F0xx_HAL_Driver/Src/stm32f0xx_hal_rcc.o
LOAD ./Drivers/STM32F0xx_HAL_Driver/Src/stm32f0xx_hal_rcc_ex.o
LOAD ./Drivers/STM32F0xx_HAL_Driver/Src/stm32f0xx_hal_tim.o
LOAD ./Drivers/STM32F0xx_HAL_Driver/Src/stm32f0xx_hal_tim_ex.o
LOAD ./Drivers/STM32F0xx_HAL_Driver/Src/stm32f0xx_ll_exti.o
LOAD ./Drivers/STM32F0xx_HAL_Driver/Src/stm32f0xx_ll_gpio.o
LOAD ./Drivers/STM32F0xx_HAL_Driver/Src/stm32f0xx_ll_rcc.o
LOAD ./Drivers/STM32F0xx_HAL_Driver/Src/stm32f0xx_ll_utils.o
START GROUP
LOAD c:/st/stm32cubeide_1.12.1/stm32cubeide/plugins/com.st.stm32cube.ide.mcu.externaltools.gnu-tools-for-stm32.10.3-2021.10.win32_1.0.200.202301161003/tools/bin/../lib/gcc/arm-none-eabi/10.3.1/../../../../arm-none-eabi/lib/thumb/v6-m/nofp\libc_nano.a
LOAD c:/st/stm32cubeide_1.12.1/stm32cubeide/plugins/com.st.stm32cube.ide.mcu.externaltools.gnu-tools-for-stm32.10.3-2021.10.win32_1.0.200.202301161003/tools/bin/../lib/gcc/arm-none-eabi/10.3.1/../../../../arm-none-eabi/lib/thumb/v6-m/nofp\libm.a
END GROUP
START GROUP
LOAD c:/st/stm32cubeide_1.12.1/stm32cubeide/plugins/com.st.stm32cube.ide.mcu.externaltools.gnu-tools-for-stm32.10.3-2021.10.win32_1.0.200.202301161003/tools/bin/../lib/gcc/arm-none-eabi/10.3.1/thumb/v6-m/nofp\libgcc.a
LOAD c:/st/stm32cubeide_1.12.1/stm32cubeide/plugins/com.st.stm32cube.ide.mcu.externaltools.gnu-tools-for-stm32.10.3-2021.10.win32_1.0.200.202301161003/tools/bin/../lib/gcc/arm-none-eabi/10.3.1/../../../../arm-none-eabi/lib/thumb/v6-m/nofp\libc_nano.a
END GROUP
START GROUP
LOAD c:/st/stm32cubeide_1.12.1/stm32cubeide/plugins/com.st.stm32cube.ide.mcu.externaltools.gnu-tools-for-stm32.10.3-2021.10.win32_1.0.200.202301161003/tools/bin/../lib/gcc/arm-none-eabi/10.3.1/thumb/v6-m/nofp\libgcc.a
LOAD c:/st/stm32cubeide_1.12.1/stm32cubeide/plugins/com.st.stm32cube.ide.mcu.externaltools.gnu-tools-for-stm32.10.3-2021.10.win32_1.0.200.202301161003/tools/bin/../lib/gcc/arm-none-eabi/10.3.1/../../../../arm-none-eabi/lib/thumb/v6-m/nofp\libc_nano.a
LOAD c:/st/stm32cubeide_1.12.1/stm32cubeide/plugins/com.st.stm32cube.ide.mcu.externaltools.gnu-tools-for-stm32.10.3-2021.10.win32_1.0.200.202301161003/tools/bin/../lib/gcc/arm-none-eabi/10.3.1/../../../../arm-none-eabi/lib/thumb/v6-m/nofp\libnosys.a
END GROUP
START GROUP
LOAD c:/st/stm32cubeide_1.12.1/stm32cubeide/plugins/com.st.stm32cube.ide.mcu.externaltools.gnu-tools-for-stm32.10.3-2021.10.win32_1.0.200.202301161003/tools/bin/../lib/gcc/arm-none-eabi/10.3.1/thumb/v6-m/nofp\libgcc.a
LOAD c:/st/stm32cubeide_1.12.1/stm32cubeide/plugins/com.st.stm32cube.ide.mcu.externaltools.gnu-tools-for-stm32.10.3-2021.10.win32_1.0.200.202301161003/tools/bin/../lib/gcc/arm-none-eabi/10.3.1/../../../../arm-none-eabi/lib/thumb/v6-m/nofp\libc_nano.a
LOAD c:/st/stm32cubeide_1.12.1/stm32cubeide/plugins/com.st.stm32cube.ide.mcu.externaltools.gnu-tools-for-stm32.10.3-2021.10.win32_1.0.200.202301161003/tools/bin/../lib/gcc/arm-none-eabi/10.3.1/../../../../arm-none-eabi/lib/thumb/v6-m/nofp\libnosys.a
END GROUP
LOAD c:/st/stm32cubeide_1.12.1/stm32cubeide/plugins/com.st.stm32cube.ide.mcu.externaltools.gnu-tools-for-stm32.10.3-2021.10.win32_1.0.200.202301161003/tools/bin/../lib/gcc/arm-none-eabi/10.3.1/thumb/v6-m/nofp/crtend.o
LOAD c:/st/stm32cubeide_1.12.1/stm32cubeide/plugins/com.st.stm32cube.ide.mcu.externaltools.gnu-tools-for-stm32.10.3-2021.10.win32_1.0.200.202301161003/tools/bin/../lib/gcc/arm-none-eabi/10.3.1/thumb/v6-m/nofp/crtn.o
                0x0000000020001000                _estack = (ORIGIN (RAM) + LENGTH (RAM))
                0x0000000000000200                _Min_Heap_Size = 0x200
                0x0000000000000400                _Min_Stack_Size = 0x400

.isr_vector     0x0000000008000000       0xc0
                0x0000000008000000                . = ALIGN (0x4)
 *(.isr_vector)
 .isr_vector    0x0000000008000000       0xc0 ./Core/Startup/startup_stm32f030f4px.o
                0x0000000008000000                g_pfnVectors
                0x00000000080000c0                . = ALIGN (0x4)

.text           0x00000000080000c0     0x1a4c
                0x00000000080000c0                . = ALIGN (0x4)
 *(.text)
 .text          0x00000000080000c0       0x48 c:/st/stm32cubeide_1.12.1/stm32cubeide/plugins/com.st.stm32cube.ide.mcu.externaltools.gnu-tools-for-stm32.10.3-2021.10.win32_1.0.200.202301161003/tools/bin/../lib/gcc/arm-none-eabi/10.3.1/thumb/v6-m/nofp/crtbegin.o
 .text          0x0000000008000108      0x114 c:/st/stm32cubeide_1.12.1/stm32cubeide/plugins/com.st.stm32cube.ide.mcu.externaltools.gnu-tools-for-stm32.10.3-2021.10.win32_1.0.200.202301161003/tools/bin/../lib/gcc/arm-none-eabi/10.3.1/thumb/v6-m/nofp\libgcc.a(_udivsi3.o)
                0x0000000008000108                __aeabi_uidiv
                0x0000000008000108                __udivsi3
                0x0000000008000214                __aeabi_uidivmod
 .text          0x000000000800021c        0x4 c:/st/stm32cubeide_1.12.1/stm32cubeide/plugins/com.st.stm32cube.ide.mcu.externaltools.gnu-tools-for-stm32.10.3-2021.10.win32_1.0.200.202301161003/tools/bin/../lib/gcc/arm-none-eabi/10.3.1/thumb/v6-m/nofp\libgcc.a(_dvmd_tls.o)
                0x000000000800021c                __aeabi_idiv0
                0x000000000800021c                __aeabi_ldiv0
 *(.text*)
 .text.LL_GPIO_TogglePin
                0x0000000008000220       0x2e ./Core/Src/LEDHANDLER/LedHandler_Main.o
 *fill*         0x000000000800024e        0x2 
 .text.LedHandler_Init
                0x0000000008000250       0x20 ./Core/Src/LEDHANDLER/LedHandler_Main.o
                0x0000000008000250                LedHandler_Init
 .text.LedHandler_MainFunction
                0x0000000008000270       0x44 ./Core/Src/LEDHANDLER/LedHandler_Main.o
                0x0000000008000270                LedHandler_MainFunction
 .text.Os_GetMs
                0x00000000080002b4       0x10 ./Core/Src/OS/Os.o
                0x00000000080002b4                Os_GetMs
 .text.LL_GPIO_ResetOutputPin
                0x00000000080002c4       0x18 ./Core/Src/main.o
 .text.LL_AHB1_GRP1_EnableClock
                0x00000000080002dc       0x2c ./Core/Src/main.o
 .text.main     0x0000000008000308       0x1e ./Core/Src/main.o
                0x0000000008000308                main
 .text.SystemClock_Config
                0x0000000008000326       0x80 ./Core/Src/main.o
                0x0000000008000326                SystemClock_Config
 *fill*         0x00000000080003a6        0x2 
 .text.MX_TIM1_Init
                0x00000000080003a8       0xb8 ./Core/Src/main.o
 .text.MX_GPIO_Init
                0x0000000008000460       0x5e ./Core/Src/main.o
 .text.Error_Handler
                0x00000000080004be        0xa ./Core/Src/main.o
                0x00000000080004be                Error_Handler
 .text.HAL_MspInit
                0x00000000080004c8       0x48 ./Core/Src/stm32f0xx_hal_msp.o
                0x00000000080004c8                HAL_MspInit
 .text.HAL_TIM_Base_MspInit
                0x0000000008000510       0x50 ./Core/Src/stm32f0xx_hal_msp.o
                0x0000000008000510                HAL_TIM_Base_MspInit
 .text.NMI_Handler
                0x0000000008000560        0x6 ./Core/Src/stm32f0xx_it.o
                0x0000000008000560                NMI_Handler
 .text.HardFault_Handler
                0x0000000008000566        0x6 ./Core/Src/stm32f0xx_it.o
                0x0000000008000566                HardFault_Handler
 .text.SVC_Handler
                0x000000000800056c        0xa ./Core/Src/stm32f0xx_it.o
                0x000000000800056c                SVC_Handler
 .text.PendSV_Handler
                0x0000000008000576        0xa ./Core/Src/stm32f0xx_it.o
                0x0000000008000576                PendSV_Handler
 .text.SysTick_Handler
                0x0000000008000580        0xe ./Core/Src/stm32f0xx_it.o
                0x0000000008000580                SysTick_Handler
 *fill*         0x000000000800058e        0x2 
 .text.TIM1_CC_IRQHandler
                0x0000000008000590       0x18 ./Core/Src/stm32f0xx_it.o
                0x0000000008000590                TIM1_CC_IRQHandler
 .text.SystemInit
                0x00000000080005a8        0xa ./Core/Src/system_stm32f0xx.o
                0x00000000080005a8                SystemInit
 *fill*         0x00000000080005b2        0x2 
 .text.Reset_Handler
                0x00000000080005b4       0x50 ./Core/Startup/startup_stm32f030f4px.o
                0x00000000080005b4                Reset_Handler
 .text.Default_Handler
                0x0000000008000604        0x2 ./Core/Startup/startup_stm32f030f4px.o
                0x0000000008000604                I2C1_IRQHandler
                0x0000000008000604                SPI1_IRQHandler
                0x0000000008000604                EXTI2_3_IRQHandler
                0x0000000008000604                ADC1_IRQHandler
                0x0000000008000604                TIM17_IRQHandler
                0x0000000008000604                RTC_IRQHandler
                0x0000000008000604                TIM16_IRQHandler
                0x0000000008000604                TIM3_IRQHandler
                0x0000000008000604                EXTI4_15_IRQHandler
                0x0000000008000604                RCC_IRQHandler
                0x0000000008000604                DMA1_Channel1_IRQHandler
                0x0000000008000604                Default_Handler
                0x0000000008000604                TIM14_IRQHandler
                0x0000000008000604                DMA1_Channel4_5_IRQHandler
                0x0000000008000604                EXTI0_1_IRQHandler
                0x0000000008000604                WWDG_IRQHandler
                0x0000000008000604                DMA1_Channel2_3_IRQHandler
                0x0000000008000604                FLASH_IRQHandler
                0x0000000008000604                USART1_IRQHandler
                0x0000000008000604                TIM1_BRK_UP_TRG_COM_IRQHandler
 *fill*         0x0000000008000606        0x2 
 .text.HAL_Init
                0x0000000008000608       0x28 ./Drivers/STM32F0xx_HAL_Driver/Src/stm32f0xx_hal.o
                0x0000000008000608                HAL_Init
 .text.HAL_InitTick
                0x0000000008000630       0x68 ./Drivers/STM32F0xx_HAL_Driver/Src/stm32f0xx_hal.o
                0x0000000008000630                HAL_InitTick
 .text.HAL_IncTick
                0x0000000008000698       0x24 ./Drivers/STM32F0xx_HAL_Driver/Src/stm32f0xx_hal.o
                0x0000000008000698                HAL_IncTick
 .text.HAL_GetTick
                0x00000000080006bc       0x14 ./Drivers/STM32F0xx_HAL_Driver/Src/stm32f0xx_hal.o
                0x00000000080006bc                HAL_GetTick
 .text.__NVIC_EnableIRQ
                0x00000000080006d0       0x34 ./Drivers/STM32F0xx_HAL_Driver/Src/stm32f0xx_hal_cortex.o
 .text.__NVIC_SetPriority
                0x0000000008000704       0xdc ./Drivers/STM32F0xx_HAL_Driver/Src/stm32f0xx_hal_cortex.o
 .text.SysTick_Config
                0x00000000080007e0       0x48 ./Drivers/STM32F0xx_HAL_Driver/Src/stm32f0xx_hal_cortex.o
 .text.HAL_NVIC_SetPriority
                0x0000000008000828       0x2a ./Drivers/STM32F0xx_HAL_Driver/Src/stm32f0xx_hal_cortex.o
                0x0000000008000828                HAL_NVIC_SetPriority
 .text.HAL_NVIC_EnableIRQ
                0x0000000008000852       0x20 ./Drivers/STM32F0xx_HAL_Driver/Src/stm32f0xx_hal_cortex.o
                0x0000000008000852                HAL_NVIC_EnableIRQ
 .text.HAL_SYSTICK_Config
                0x0000000008000872       0x1a ./Drivers/STM32F0xx_HAL_Driver/Src/stm32f0xx_hal_cortex.o
                0x0000000008000872                HAL_SYSTICK_Config
 .text.HAL_RCC_OscConfig
                0x000000000800088c      0x634 ./Drivers/STM32F0xx_HAL_Driver/Src/stm32f0xx_hal_rcc.o
                0x000000000800088c                HAL_RCC_OscConfig
 .text.HAL_RCC_ClockConfig
                0x0000000008000ec0      0x19c ./Drivers/STM32F0xx_HAL_Driver/Src/stm32f0xx_hal_rcc.o
                0x0000000008000ec0                HAL_RCC_ClockConfig
 .text.HAL_RCC_GetSysClockFreq
                0x000000000800105c       0xac ./Drivers/STM32F0xx_HAL_Driver/Src/stm32f0xx_hal_rcc.o
                0x000000000800105c                HAL_RCC_GetSysClockFreq
 .text.HAL_TIM_Base_Init
                0x0000000008001108       0xa0 ./Drivers/STM32F0xx_HAL_Driver/Src/stm32f0xx_hal_tim.o
                0x0000000008001108                HAL_TIM_Base_Init
 .text.HAL_TIM_IRQHandler
                0x00000000080011a8      0x22c ./Drivers/STM32F0xx_HAL_Driver/Src/stm32f0xx_hal_tim.o
                0x00000000080011a8                HAL_TIM_IRQHandler
 .text.HAL_TIM_SlaveConfigSynchro
                0x00000000080013d4       0x8c ./Drivers/STM32F0xx_HAL_Driver/Src/stm32f0xx_hal_tim.o
                0x00000000080013d4                HAL_TIM_SlaveConfigSynchro
 .text.HAL_TIM_PeriodElapsedCallback
                0x0000000008001460       0x10 ./Drivers/STM32F0xx_HAL_Driver/Src/stm32f0xx_hal_tim.o
                0x0000000008001460                HAL_TIM_PeriodElapsedCallback
 .text.HAL_TIM_OC_DelayElapsedCallback
                0x0000000008001470       0x10 ./Drivers/STM32F0xx_HAL_Driver/Src/stm32f0xx_hal_tim.o
                0x0000000008001470                HAL_TIM_OC_DelayElapsedCallback
 .text.HAL_TIM_IC_CaptureCallback
                0x0000000008001480       0x10 ./Drivers/STM32F0xx_HAL_Driver/Src/stm32f0xx_hal_tim.o
                0x0000000008001480                HAL_TIM_IC_CaptureCallback
 .text.HAL_TIM_PWM_PulseFinishedCallback
                0x0000000008001490       0x10 ./Drivers/STM32F0xx_HAL_Driver/Src/stm32f0xx_hal_tim.o
                0x0000000008001490                HAL_TIM_PWM_PulseFinishedCallback
 .text.HAL_TIM_TriggerCallback
                0x00000000080014a0       0x10 ./Drivers/STM32F0xx_HAL_Driver/Src/stm32f0xx_hal_tim.o
                0x00000000080014a0                HAL_TIM_TriggerCallback
 .text.TIM_Base_SetConfig
                0x00000000080014b0       0xd8 ./Drivers/STM32F0xx_HAL_Driver/Src/stm32f0xx_hal_tim.o
                0x00000000080014b0                TIM_Base_SetConfig
 .text.TIM_SlaveTimer_SetConfig
                0x0000000008001588      0x124 ./Drivers/STM32F0xx_HAL_Driver/Src/stm32f0xx_hal_tim.o
 .text.TIM_TI1_ConfigInputStage
                0x00000000080016ac       0x5c ./Drivers/STM32F0xx_HAL_Driver/Src/stm32f0xx_hal_tim.o
 .text.TIM_TI2_ConfigInputStage
                0x0000000008001708       0x64 ./Drivers/STM32F0xx_HAL_Driver/Src/stm32f0xx_hal_tim.o
 .text.TIM_ETR_SetConfig
                0x000000000800176c       0x40 ./Drivers/STM32F0xx_HAL_Driver/Src/stm32f0xx_hal_tim.o
                0x000000000800176c                TIM_ETR_SetConfig
 .text.HAL_TIMEx_MasterConfigSynchronization
                0x00000000080017ac       0xa4 ./Drivers/STM32F0xx_HAL_Driver/Src/stm32f0xx_hal_tim_ex.o
                0x00000000080017ac                HAL_TIMEx_MasterConfigSynchronization
 .text.HAL_TIMEx_CommutCallback
                0x0000000008001850       0x10 ./Drivers/STM32F0xx_HAL_Driver/Src/stm32f0xx_hal_tim_ex.o
                0x0000000008001850                HAL_TIMEx_CommutCallback
 .text.HAL_TIMEx_BreakCallback
                0x0000000008001860       0x10 ./Drivers/STM32F0xx_HAL_Driver/Src/stm32f0xx_hal_tim_ex.o
                0x0000000008001860                HAL_TIMEx_BreakCallback
 .text.LL_GPIO_SetPinMode
                0x0000000008001870       0x38 ./Drivers/STM32F0xx_HAL_Driver/Src/stm32f0xx_ll_gpio.o
 .text.LL_GPIO_SetPinOutputType
                0x00000000080018a8       0x2a ./Drivers/STM32F0xx_HAL_Driver/Src/stm32f0xx_ll_gpio.o
 .text.LL_GPIO_SetPinSpeed
                0x00000000080018d2       0x38 ./Drivers/STM32F0xx_HAL_Driver/Src/stm32f0xx_ll_gpio.o
 .text.LL_GPIO_SetPinPull
                0x000000000800190a       0x38 ./Drivers/STM32F0xx_HAL_Driver/Src/stm32f0xx_ll_gpio.o
 .text.LL_GPIO_SetAFPin_0_7
                0x0000000008001942       0x46 ./Drivers/STM32F0xx_HAL_Driver/Src/stm32f0xx_ll_gpio.o
 .text.LL_GPIO_SetAFPin_8_15
                0x0000000008001988       0x5a ./Drivers/STM32F0xx_HAL_Driver/Src/stm32f0xx_ll_gpio.o
 .text.LL_GPIO_Init
                0x00000000080019e2       0xb8 ./Drivers/STM32F0xx_HAL_Driver/Src/stm32f0xx_ll_gpio.o
                0x00000000080019e2                LL_GPIO_Init
 *fill*         0x0000000008001a9a        0x2 
 .text.__libc_init_array
                0x0000000008001a9c       0x48 c:/st/stm32cubeide_1.12.1/stm32cubeide/plugins/com.st.stm32cube.ide.mcu.externaltools.gnu-tools-for-stm32.10.3-2021.10.win32_1.0.200.202301161003/tools/bin/../lib/gcc/arm-none-eabi/10.3.1/../../../../arm-none-eabi/lib/thumb/v6-m/nofp\libc_nano.a(lib_a-init.o)
                0x0000000008001a9c                __libc_init_array
 .text.memset   0x0000000008001ae4       0x10 c:/st/stm32cubeide_1.12.1/stm32cubeide/plugins/com.st.stm32cube.ide.mcu.externaltools.gnu-tools-for-stm32.10.3-2021.10.win32_1.0.200.202301161003/tools/bin/../lib/gcc/arm-none-eabi/10.3.1/../../../../arm-none-eabi/lib/thumb/v6-m/nofp\libc_nano.a(lib_a-memset.o)
                0x0000000008001ae4                memset
 *(.glue_7)
 .glue_7        0x0000000008001af4        0x0 linker stubs
 *(.glue_7t)
 .glue_7t       0x0000000008001af4        0x0 linker stubs
 *(.eh_frame)
 .eh_frame      0x0000000008001af4        0x0 c:/st/stm32cubeide_1.12.1/stm32cubeide/plugins/com.st.stm32cube.ide.mcu.externaltools.gnu-tools-for-stm32.10.3-2021.10.win32_1.0.200.202301161003/tools/bin/../lib/gcc/arm-none-eabi/10.3.1/thumb/v6-m/nofp/crtbegin.o
 *(.init)
 .init          0x0000000008001af4        0x4 c:/st/stm32cubeide_1.12.1/stm32cubeide/plugins/com.st.stm32cube.ide.mcu.externaltools.gnu-tools-for-stm32.10.3-2021.10.win32_1.0.200.202301161003/tools/bin/../lib/gcc/arm-none-eabi/10.3.1/thumb/v6-m/nofp/crti.o
                0x0000000008001af4                _init
 .init          0x0000000008001af8        0x8 c:/st/stm32cubeide_1.12.1/stm32cubeide/plugins/com.st.stm32cube.ide.mcu.externaltools.gnu-tools-for-stm32.10.3-2021.10.win32_1.0.200.202301161003/tools/bin/../lib/gcc/arm-none-eabi/10.3.1/thumb/v6-m/nofp/crtn.o
 *(.fini)
 .fini          0x0000000008001b00        0x4 c:/st/stm32cubeide_1.12.1/stm32cubeide/plugins/com.st.stm32cube.ide.mcu.externaltools.gnu-tools-for-stm32.10.3-2021.10.win32_1.0.200.202301161003/tools/bin/../lib/gcc/arm-none-eabi/10.3.1/thumb/v6-m/nofp/crti.o
                0x0000000008001b00                _fini
 .fini          0x0000000008001b04        0x8 c:/st/stm32cubeide_1.12.1/stm32cubeide/plugins/com.st.stm32cube.ide.mcu.externaltools.gnu-tools-for-stm32.10.3-2021.10.win32_1.0.200.202301161003/tools/bin/../lib/gcc/arm-none-eabi/10.3.1/thumb/v6-m/nofp/crtn.o
                0x0000000008001b0c                . = ALIGN (0x4)
                0x0000000008001b0c                _etext = .

.vfp11_veneer   0x0000000008001b0c        0x0
 .vfp11_veneer  0x0000000008001b0c        0x0 linker stubs

.v4_bx          0x0000000008001b0c        0x0
 .v4_bx         0x0000000008001b0c        0x0 linker stubs

.iplt           0x0000000008001b0c        0x0
 .iplt          0x0000000008001b0c        0x0 c:/st/stm32cubeide_1.12.1/stm32cubeide/plugins/com.st.stm32cube.ide.mcu.externaltools.gnu-tools-for-stm32.10.3-2021.10.win32_1.0.200.202301161003/tools/bin/../lib/gcc/arm-none-eabi/10.3.1/thumb/v6-m/nofp/crtbegin.o

.rodata         0x0000000008001b0c       0x30
                0x0000000008001b0c                . = ALIGN (0x4)
 *(.rodata)
 *(.rodata*)
 .rodata.AHBPrescTable
                0x0000000008001b0c       0x10 ./Core/Src/system_stm32f0xx.o
                0x0000000008001b0c                AHBPrescTable
 .rodata.aPLLMULFactorTable.1
                0x0000000008001b1c       0x10 ./Drivers/STM32F0xx_HAL_Driver/Src/stm32f0xx_hal_rcc.o
 .rodata.aPredivFactorTable.0
                0x0000000008001b2c       0x10 ./Drivers/STM32F0xx_HAL_Driver/Src/stm32f0xx_hal_rcc.o
                0x0000000008001b3c                . = ALIGN (0x4)

.rel.dyn        0x0000000008001b3c        0x0
 .rel.iplt      0x0000000008001b3c        0x0 c:/st/stm32cubeide_1.12.1/stm32cubeide/plugins/com.st.stm32cube.ide.mcu.externaltools.gnu-tools-for-stm32.10.3-2021.10.win32_1.0.200.202301161003/tools/bin/../lib/gcc/arm-none-eabi/10.3.1/thumb/v6-m/nofp/crtbegin.o

.ARM.extab      0x0000000008001b3c        0x0
                0x0000000008001b3c                . = ALIGN (0x4)
 *(.ARM.extab* .gnu.linkonce.armextab.*)
                0x0000000008001b3c                . = ALIGN (0x4)

.ARM            0x0000000008001b3c        0x0
                0x0000000008001b3c                . = ALIGN (0x4)
                0x0000000008001b3c                __exidx_start = .
 *(.ARM.exidx*)
                0x0000000008001b3c                __exidx_end = .
                0x0000000008001b3c                . = ALIGN (0x4)

.preinit_array  0x0000000008001b3c        0x0
                0x0000000008001b3c                . = ALIGN (0x4)
                0x0000000008001b3c                PROVIDE (__preinit_array_start = .)
 *(.preinit_array*)
                0x0000000008001b3c                PROVIDE (__preinit_array_end = .)
                0x0000000008001b3c                . = ALIGN (0x4)

.init_array     0x0000000008001b3c        0x4
                0x0000000008001b3c                . = ALIGN (0x4)
                0x0000000008001b3c                PROVIDE (__init_array_start = .)
 *(SORT_BY_NAME(.init_array.*))
 *(.init_array*)
 .init_array    0x0000000008001b3c        0x4 c:/st/stm32cubeide_1.12.1/stm32cubeide/plugins/com.st.stm32cube.ide.mcu.externaltools.gnu-tools-for-stm32.10.3-2021.10.win32_1.0.200.202301161003/tools/bin/../lib/gcc/arm-none-eabi/10.3.1/thumb/v6-m/nofp/crtbegin.o
                0x0000000008001b40                PROVIDE (__init_array_end = .)
                0x0000000008001b40                . = ALIGN (0x4)

.fini_array     0x0000000008001b40        0x4
                0x0000000008001b40                . = ALIGN (0x4)
                [!provide]                        PROVIDE (__fini_array_start = .)
 *(SORT_BY_NAME(.fini_array.*))
 *(.fini_array*)
 .fini_array    0x0000000008001b40        0x4 c:/st/stm32cubeide_1.12.1/stm32cubeide/plugins/com.st.stm32cube.ide.mcu.externaltools.gnu-tools-for-stm32.10.3-2021.10.win32_1.0.200.202301161003/tools/bin/../lib/gcc/arm-none-eabi/10.3.1/thumb/v6-m/nofp/crtbegin.o
                [!provide]                        PROVIDE (__fini_array_end = .)
                0x0000000008001b44                . = ALIGN (0x4)
                0x0000000008001b44                _sidata = LOADADDR (.data)

.data           0x0000000020000000        0xc load address 0x0000000008001b44
                0x0000000020000000                . = ALIGN (0x4)
                0x0000000020000000                _sdata = .
 *(.data)
 *(.data*)
 .data.SystemCoreClock
                0x0000000020000000        0x4 ./Core/Src/system_stm32f0xx.o
                0x0000000020000000                SystemCoreClock
 .data.uwTickPrio
                0x0000000020000004        0x4 ./Drivers/STM32F0xx_HAL_Driver/Src/stm32f0xx_hal.o
                0x0000000020000004                uwTickPrio
 .data.uwTickFreq
                0x0000000020000008        0x1 ./Drivers/STM32F0xx_HAL_Driver/Src/stm32f0xx_hal.o
                0x0000000020000008                uwTickFreq
 *(.RamFunc)
 *(.RamFunc*)
                0x000000002000000c                . = ALIGN (0x4)
 *fill*         0x0000000020000009        0x3 
                0x000000002000000c                _edata = .

.igot.plt       0x000000002000000c        0x0 load address 0x0000000008001b50
 .igot.plt      0x000000002000000c        0x0 c:/st/stm32cubeide_1.12.1/stm32cubeide/plugins/com.st.stm32cube.ide.mcu.externaltools.gnu-tools-for-stm32.10.3-2021.10.win32_1.0.200.202301161003/tools/bin/../lib/gcc/arm-none-eabi/10.3.1/thumb/v6-m/nofp/crtbegin.o
                0x000000002000000c                . = ALIGN (0x4)

.bss            0x000000002000000c       0x70 load address 0x0000000008001b50
                0x000000002000000c                _sbss = .
                0x000000002000000c                __bss_start__ = _sbss
 *(.bss)
 .bss           0x000000002000000c       0x1c c:/st/stm32cubeide_1.12.1/stm32cubeide/plugins/com.st.stm32cube.ide.mcu.externaltools.gnu-tools-for-stm32.10.3-2021.10.win32_1.0.200.202301161003/tools/bin/../lib/gcc/arm-none-eabi/10.3.1/thumb/v6-m/nofp/crtbegin.o
 *(.bss*)
 .bss.timeMS    0x0000000020000028        0x4 ./Core/Src/LEDHANDLER/LedHandler_Main.o
 .bss.prevTimeMS
                0x000000002000002c        0x4 ./Core/Src/LEDHANDLER/LedHandler_Main.o
 .bss.htim1     0x0000000020000030       0x48 ./Core/Src/main.o
                0x0000000020000030                htim1
 .bss.uwTick    0x0000000020000078        0x4 ./Drivers/STM32F0xx_HAL_Driver/Src/stm32f0xx_hal.o
                0x0000000020000078                uwTick
 *(COMMON)
                0x000000002000007c                . = ALIGN (0x4)
                0x000000002000007c                _ebss = .
                0x000000002000007c                __bss_end__ = _ebss

._user_heap_stack
                0x000000002000007c      0x604 load address 0x0000000008001b50
                0x0000000020000080                . = ALIGN (0x8)
 *fill*         0x000000002000007c        0x4 
                [!provide]                        PROVIDE (end = .)
                0x0000000020000080                PROVIDE (_end = .)
                0x0000000020000280                . = (. + _Min_Heap_Size)
 *fill*         0x0000000020000080      0x200 
                0x0000000020000680                . = (. + _Min_Stack_Size)
 *fill*         0x0000000020000280      0x400 
                0x0000000020000680                . = ALIGN (0x8)

/DISCARD/
 libc.a(*)
 libm.a(*)
 libgcc.a(*)

.ARM.attributes
                0x0000000000000000       0x28
 *(.ARM.attributes)
 .ARM.attributes
                0x0000000000000000       0x1e c:/st/stm32cubeide_1.12.1/stm32cubeide/plugins/com.st.stm32cube.ide.mcu.externaltools.gnu-tools-for-stm32.10.3-2021.10.win32_1.0.200.202301161003/tools/bin/../lib/gcc/arm-none-eabi/10.3.1/thumb/v6-m/nofp/crti.o
 .ARM.attributes
                0x000000000000001e       0x2c c:/st/stm32cubeide_1.12.1/stm32cubeide/plugins/com.st.stm32cube.ide.mcu.externaltools.gnu-tools-for-stm32.10.3-2021.10.win32_1.0.200.202301161003/tools/bin/../lib/gcc/arm-none-eabi/10.3.1/thumb/v6-m/nofp/crtbegin.o
 .ARM.attributes
                0x000000000000004a       0x2c ./Core/Src/LEDHANDLER/LedHandler_Main.o
 .ARM.attributes
                0x0000000000000076       0x2c ./Core/Src/OS/Os.o
 .ARM.attributes
                0x00000000000000a2       0x2c ./Core/Src/main.o
 .ARM.attributes
                0x00000000000000ce       0x2c ./Core/Src/stm32f0xx_hal_msp.o
 .ARM.attributes
                0x00000000000000fa       0x2c ./Core/Src/stm32f0xx_it.o
 .ARM.attributes
                0x0000000000000126       0x2c ./Core/Src/system_stm32f0xx.o
 .ARM.attributes
                0x0000000000000152       0x21 ./Core/Startup/startup_stm32f030f4px.o
 .ARM.attributes
                0x0000000000000173       0x2c ./Drivers/STM32F0xx_HAL_Driver/Src/stm32f0xx_hal.o
 .ARM.attributes
                0x000000000000019f       0x2c ./Drivers/STM32F0xx_HAL_Driver/Src/stm32f0xx_hal_cortex.o
 .ARM.attributes
                0x00000000000001cb       0x2c ./Drivers/STM32F0xx_HAL_Driver/Src/stm32f0xx_hal_rcc.o
 .ARM.attributes
                0x00000000000001f7       0x2c ./Drivers/STM32F0xx_HAL_Driver/Src/stm32f0xx_hal_tim.o
 .ARM.attributes
                0x0000000000000223       0x2c ./Drivers/STM32F0xx_HAL_Driver/Src/stm32f0xx_hal_tim_ex.o
 .ARM.attributes
                0x000000000000024f       0x2c ./Drivers/STM32F0xx_HAL_Driver/Src/stm32f0xx_ll_gpio.o
 .ARM.attributes
                0x000000000000027b       0x2c c:/st/stm32cubeide_1.12.1/stm32cubeide/plugins/com.st.stm32cube.ide.mcu.externaltools.gnu-tools-for-stm32.10.3-2021.10.win32_1.0.200.202301161003/tools/bin/../lib/gcc/arm-none-eabi/10.3.1/../../../../arm-none-eabi/lib/thumb/v6-m/nofp\libc_nano.a(lib_a-init.o)
 .ARM.attributes
                0x00000000000002a7       0x2c c:/st/stm32cubeide_1.12.1/stm32cubeide/plugins/com.st.stm32cube.ide.mcu.externaltools.gnu-tools-for-stm32.10.3-2021.10.win32_1.0.200.202301161003/tools/bin/../lib/gcc/arm-none-eabi/10.3.1/../../../../arm-none-eabi/lib/thumb/v6-m/nofp\libc_nano.a(lib_a-memset.o)
 .ARM.attributes
                0x00000000000002d3       0x1e c:/st/stm32cubeide_1.12.1/stm32cubeide/plugins/com.st.stm32cube.ide.mcu.externaltools.gnu-tools-for-stm32.10.3-2021.10.win32_1.0.200.202301161003/tools/bin/../lib/gcc/arm-none-eabi/10.3.1/thumb/v6-m/nofp\libgcc.a(_udivsi3.o)
 .ARM.attributes
                0x00000000000002f1       0x1e c:/st/stm32cubeide_1.12.1/stm32cubeide/plugins/com.st.stm32cube.ide.mcu.externaltools.gnu-tools-for-stm32.10.3-2021.10.win32_1.0.200.202301161003/tools/bin/../lib/gcc/arm-none-eabi/10.3.1/thumb/v6-m/nofp\libgcc.a(_dvmd_tls.o)
 .ARM.attributes
                0x000000000000030f       0x1e c:/st/stm32cubeide_1.12.1/stm32cubeide/plugins/com.st.stm32cube.ide.mcu.externaltools.gnu-tools-for-stm32.10.3-2021.10.win32_1.0.200.202301161003/tools/bin/../lib/gcc/arm-none-eabi/10.3.1/thumb/v6-m/nofp/crtn.o
OUTPUT(ProjektX.elf elf32-littlearm)
LOAD linker stubs
LOAD c:/st/stm32cubeide_1.12.1/stm32cubeide/plugins/com.st.stm32cube.ide.mcu.externaltools.gnu-tools-for-stm32.10.3-2021.10.win32_1.0.200.202301161003/tools/bin/../lib/gcc/arm-none-eabi/10.3.1/../../../../arm-none-eabi/lib/thumb/v6-m/nofp\libc.a
LOAD c:/st/stm32cubeide_1.12.1/stm32cubeide/plugins/com.st.stm32cube.ide.mcu.externaltools.gnu-tools-for-stm32.10.3-2021.10.win32_1.0.200.202301161003/tools/bin/../lib/gcc/arm-none-eabi/10.3.1/../../../../arm-none-eabi/lib/thumb/v6-m/nofp\libm.a
LOAD c:/st/stm32cubeide_1.12.1/stm32cubeide/plugins/com.st.stm32cube.ide.mcu.externaltools.gnu-tools-for-stm32.10.3-2021.10.win32_1.0.200.202301161003/tools/bin/../lib/gcc/arm-none-eabi/10.3.1/thumb/v6-m/nofp\libgcc.a

.debug_info     0x0000000000000000     0x7e97
 .debug_info    0x0000000000000000      0x251 ./Core/Src/LEDHANDLER/LedHandler_Main.o
 .debug_info    0x0000000000000251       0xc4 ./Core/Src/OS/Os.o
 .debug_info    0x0000000000000315      0xc88 ./Core/Src/main.o
 .debug_info    0x0000000000000f9d      0x8c7 ./Core/Src/stm32f0xx_hal_msp.o
 .debug_info    0x0000000000001864      0x6e1 ./Core/Src/stm32f0xx_it.o
 .debug_info    0x0000000000001f45      0x269 ./Core/Src/system_stm32f0xx.o
 .debug_info    0x00000000000021ae       0x22 ./Core/Startup/startup_stm32f030f4px.o
 .debug_info    0x00000000000021d0      0x69d ./Drivers/STM32F0xx_HAL_Driver/Src/stm32f0xx_hal.o
 .debug_info    0x000000000000286d      0x6db ./Drivers/STM32F0xx_HAL_Driver/Src/stm32f0xx_hal_cortex.o
 .debug_info    0x0000000000002f48      0x88c ./Drivers/STM32F0xx_HAL_Driver/Src/stm32f0xx_hal_rcc.o
 .debug_info    0x00000000000037d4     0x2ba1 ./Drivers/STM32F0xx_HAL_Driver/Src/stm32f0xx_hal_tim.o
 .debug_info    0x0000000000006375     0x15bd ./Drivers/STM32F0xx_HAL_Driver/Src/stm32f0xx_hal_tim_ex.o
 .debug_info    0x0000000000007932      0x565 ./Drivers/STM32F0xx_HAL_Driver/Src/stm32f0xx_ll_gpio.o

.debug_abbrev   0x0000000000000000     0x16cc
 .debug_abbrev  0x0000000000000000      0x159 ./Core/Src/LEDHANDLER/LedHandler_Main.o
 .debug_abbrev  0x0000000000000159       0x83 ./Core/Src/OS/Os.o
 .debug_abbrev  0x00000000000001dc      0x292 ./Core/Src/main.o
 .debug_abbrev  0x000000000000046e      0x1b7 ./Core/Src/stm32f0xx_hal_msp.o
 .debug_abbrev  0x0000000000000625      0x1ad ./Core/Src/stm32f0xx_it.o
 .debug_abbrev  0x00000000000007d2      0x116 ./Core/Src/system_stm32f0xx.o
 .debug_abbrev  0x00000000000008e8       0x12 ./Core/Startup/startup_stm32f030f4px.o
 .debug_abbrev  0x00000000000008fa      0x23f ./Drivers/STM32F0xx_HAL_Driver/Src/stm32f0xx_hal.o
 .debug_abbrev  0x0000000000000b39      0x283 ./Drivers/STM32F0xx_HAL_Driver/Src/stm32f0xx_hal_cortex.o
 .debug_abbrev  0x0000000000000dbc      0x283 ./Drivers/STM32F0xx_HAL_Driver/Src/stm32f0xx_hal_rcc.o
 .debug_abbrev  0x000000000000103f      0x275 ./Drivers/STM32F0xx_HAL_Driver/Src/stm32f0xx_hal_tim.o
 .debug_abbrev  0x00000000000012b4      0x27d ./Drivers/STM32F0xx_HAL_Driver/Src/stm32f0xx_hal_tim_ex.o
 .debug_abbrev  0x0000000000001531      0x19b ./Drivers/STM32F0xx_HAL_Driver/Src/stm32f0xx_ll_gpio.o

.debug_aranges  0x0000000000000000      0x938
 .debug_aranges
                0x0000000000000000       0x40 ./Core/Src/LEDHANDLER/LedHandler_Main.o
 .debug_aranges
                0x0000000000000040       0x28 ./Core/Src/OS/Os.o
 .debug_aranges
                0x0000000000000068       0x50 ./Core/Src/main.o
 .debug_aranges
                0x00000000000000b8       0x30 ./Core/Src/stm32f0xx_hal_msp.o
 .debug_aranges
                0x00000000000000e8       0x48 ./Core/Src/stm32f0xx_it.o
 .debug_aranges
                0x0000000000000130       0x28 ./Core/Src/system_stm32f0xx.o
 .debug_aranges
                0x0000000000000158       0x28 ./Core/Startup/startup_stm32f030f4px.o
 .debug_aranges
                0x0000000000000180       0xd0 ./Drivers/STM32F0xx_HAL_Driver/Src/stm32f0xx_hal.o
 .debug_aranges
                0x0000000000000250       0xc0 ./Drivers/STM32F0xx_HAL_Driver/Src/stm32f0xx_hal_cortex.o
 .debug_aranges
                0x0000000000000310       0x80 ./Drivers/STM32F0xx_HAL_Driver/Src/stm32f0xx_hal_rcc.o
 .debug_aranges
                0x0000000000000390      0x3d0 ./Drivers/STM32F0xx_HAL_Driver/Src/stm32f0xx_hal_tim.o
 .debug_aranges
                0x0000000000000760      0x168 ./Drivers/STM32F0xx_HAL_Driver/Src/stm32f0xx_hal_tim_ex.o
 .debug_aranges
                0x00000000000008c8       0x70 ./Drivers/STM32F0xx_HAL_Driver/Src/stm32f0xx_ll_gpio.o

.debug_ranges   0x0000000000000000      0x870
 .debug_ranges  0x0000000000000000       0x30 ./Core/Src/LEDHANDLER/LedHandler_Main.o
 .debug_ranges  0x0000000000000030       0x18 ./Core/Src/OS/Os.o
 .debug_ranges  0x0000000000000048       0x40 ./Core/Src/main.o
 .debug_ranges  0x0000000000000088       0x20 ./Core/Src/stm32f0xx_hal_msp.o
 .debug_ranges  0x00000000000000a8       0x38 ./Core/Src/stm32f0xx_it.o
 .debug_ranges  0x00000000000000e0       0x18 ./Core/Src/system_stm32f0xx.o
 .debug_ranges  0x00000000000000f8       0x20 ./Core/Startup/startup_stm32f030f4px.o
 .debug_ranges  0x0000000000000118       0xc0 ./Drivers/STM32F0xx_HAL_Driver/Src/stm32f0xx_hal.o
 .debug_ranges  0x00000000000001d8       0xb0 ./Drivers/STM32F0xx_HAL_Driver/Src/stm32f0xx_hal_cortex.o
 .debug_ranges  0x0000000000000288       0x70 ./Drivers/STM32F0xx_HAL_Driver/Src/stm32f0xx_hal_rcc.o
 .debug_ranges  0x00000000000002f8      0x3c0 ./Drivers/STM32F0xx_HAL_Driver/Src/stm32f0xx_hal_tim.o
 .debug_ranges  0x00000000000006b8      0x158 ./Drivers/STM32F0xx_HAL_Driver/Src/stm32f0xx_hal_tim_ex.o
 .debug_ranges  0x0000000000000810       0x60 ./Drivers/STM32F0xx_HAL_Driver/Src/stm32f0xx_ll_gpio.o

.debug_macro    0x0000000000000000     0xfccc
 .debug_macro   0x0000000000000000      0x23a ./Core/Src/LEDHANDLER/LedHandler_Main.o
 .debug_macro   0x000000000000023a      0xa54 ./Core/Src/LEDHANDLER/LedHandler_Main.o
 .debug_macro   0x0000000000000c8e       0x22 ./Core/Src/LEDHANDLER/LedHandler_Main.o
 .debug_macro   0x0000000000000cb0       0x8e ./Core/Src/LEDHANDLER/LedHandler_Main.o
 .debug_macro   0x0000000000000d3e       0x51 ./Core/Src/LEDHANDLER/LedHandler_Main.o
 .debug_macro   0x0000000000000d8f      0x103 ./Core/Src/LEDHANDLER/LedHandler_Main.o
 .debug_macro   0x0000000000000e92       0x6a ./Core/Src/LEDHANDLER/LedHandler_Main.o
 .debug_macro   0x0000000000000efc      0x1df ./Core/Src/LEDHANDLER/LedHandler_Main.o
 .debug_macro   0x00000000000010db       0x2e ./Core/Src/LEDHANDLER/LedHandler_Main.o
 .debug_macro   0x0000000000001109       0x22 ./Core/Src/LEDHANDLER/LedHandler_Main.o
 .debug_macro   0x000000000000112b       0x1c ./Core/Src/LEDHANDLER/LedHandler_Main.o
 .debug_macro   0x0000000000001147       0x22 ./Core/Src/LEDHANDLER/LedHandler_Main.o
 .debug_macro   0x0000000000001169       0xaf ./Core/Src/LEDHANDLER/LedHandler_Main.o
 .debug_macro   0x0000000000001218      0x391 ./Core/Src/LEDHANDLER/LedHandler_Main.o
 .debug_macro   0x00000000000015a9     0x6e6e ./Core/Src/LEDHANDLER/LedHandler_Main.o
 .debug_macro   0x0000000000008417       0x66 ./Core/Src/LEDHANDLER/LedHandler_Main.o
 .debug_macro   0x000000000000847d      0x12d ./Core/Src/LEDHANDLER/LedHandler_Main.o
 .debug_macro   0x00000000000085aa     0x34be ./Core/Src/LEDHANDLER/LedHandler_Main.o
 .debug_macro   0x000000000000ba68      0x174 ./Core/Src/LEDHANDLER/LedHandler_Main.o
 .debug_macro   0x000000000000bbdc       0x55 ./Core/Src/LEDHANDLER/LedHandler_Main.o
 .debug_macro   0x000000000000bc31      0x924 ./Core/Src/LEDHANDLER/LedHandler_Main.o
 .debug_macro   0x000000000000c555       0xe5 ./Core/Src/LEDHANDLER/LedHandler_Main.o
 .debug_macro   0x000000000000c63a      0x1ae ./Core/Src/LEDHANDLER/LedHandler_Main.o
 .debug_macro   0x000000000000c7e8       0xb3 ./Core/Src/LEDHANDLER/LedHandler_Main.o
 .debug_macro   0x000000000000c89b      0x1a0 ./Core/Src/LEDHANDLER/LedHandler_Main.o
 .debug_macro   0x000000000000ca3b      0x1ed ./Core/Src/LEDHANDLER/LedHandler_Main.o
 .debug_macro   0x000000000000cc28       0x34 ./Core/Src/LEDHANDLER/LedHandler_Main.o
 .debug_macro   0x000000000000cc5c       0x43 ./Core/Src/LEDHANDLER/LedHandler_Main.o
 .debug_macro   0x000000000000cc9f       0x28 ./Core/Src/LEDHANDLER/LedHandler_Main.o
 .debug_macro   0x000000000000ccc7       0xb0 ./Core/Src/LEDHANDLER/LedHandler_Main.o
 .debug_macro   0x000000000000cd77      0x15a ./Core/Src/LEDHANDLER/LedHandler_Main.o
 .debug_macro   0x000000000000ced1      0x22c ./Core/Src/LEDHANDLER/LedHandler_Main.o
 .debug_macro   0x000000000000d0fd       0x61 ./Core/Src/LEDHANDLER/LedHandler_Main.o
 .debug_macro   0x000000000000d15e       0xa5 ./Core/Src/LEDHANDLER/LedHandler_Main.o
 .debug_macro   0x000000000000d203       0x4c ./Core/Src/LEDHANDLER/LedHandler_Main.o
 .debug_macro   0x000000000000d24f       0x2b ./Core/Src/LEDHANDLER/LedHandler_Main.o
 .debug_macro   0x000000000000d27a      0x8f4 ./Core/Src/LEDHANDLER/LedHandler_Main.o
 .debug_macro   0x000000000000db6e       0x28 ./Core/Src/LEDHANDLER/LedHandler_Main.o
 .debug_macro   0x000000000000db96       0xf1 ./Core/Src/LEDHANDLER/LedHandler_Main.o
 .debug_macro   0x000000000000dc87      0x119 ./Core/Src/LEDHANDLER/LedHandler_Main.o
 .debug_macro   0x000000000000dda0      0x17d ./Core/Src/LEDHANDLER/LedHandler_Main.o
 .debug_macro   0x000000000000df1d       0xd0 ./Core/Src/LEDHANDLER/LedHandler_Main.o
 .debug_macro   0x000000000000dfed       0xab ./Core/Src/LEDHANDLER/LedHandler_Main.o
 .debug_macro   0x000000000000e098       0x16 ./Core/Src/LEDHANDLER/LedHandler_Main.o
 .debug_macro   0x000000000000e0ae      0x40c ./Core/Src/LEDHANDLER/LedHandler_Main.o
 .debug_macro   0x000000000000e4ba       0x2a ./Core/Src/LEDHANDLER/LedHandler_Main.o
 .debug_macro   0x000000000000e4e4       0x68 ./Core/Src/LEDHANDLER/LedHandler_Main.o
 .debug_macro   0x000000000000e54c      0x215 ./Core/Src/LEDHANDLER/LedHandler_Main.o
 .debug_macro   0x000000000000e761       0x10 ./Core/Src/LEDHANDLER/LedHandler_Main.o
 .debug_macro   0x000000000000e771       0x16 ./Core/Src/LEDHANDLER/LedHandler_Main.o
 .debug_macro   0x000000000000e787      0x1b7 ./Core/Src/OS/Os.o
 .debug_macro   0x000000000000e93e      0x217 ./Core/Src/main.o
 .debug_macro   0x000000000000eb55      0x11f ./Core/Src/main.o
 .debug_macro   0x000000000000ec74      0x20d ./Core/Src/stm32f0xx_hal_msp.o
 .debug_macro   0x000000000000ee81      0x217 ./Core/Src/stm32f0xx_it.o
 .debug_macro   0x000000000000f098      0x1ad ./Core/Src/system_stm32f0xx.o
 .debug_macro   0x000000000000f245      0x1d1 ./Drivers/STM32F0xx_HAL_Driver/Src/stm32f0xx_hal.o
 .debug_macro   0x000000000000f416      0x1ad ./Drivers/STM32F0xx_HAL_Driver/Src/stm32f0xx_hal_cortex.o
 .debug_macro   0x000000000000f5c3      0x1bf ./Drivers/STM32F0xx_HAL_Driver/Src/stm32f0xx_hal_rcc.o
 .debug_macro   0x000000000000f782      0x1ae ./Drivers/STM32F0xx_HAL_Driver/Src/stm32f0xx_hal_tim.o
 .debug_macro   0x000000000000f930      0x1ad ./Drivers/STM32F0xx_HAL_Driver/Src/stm32f0xx_hal_tim_ex.o
 .debug_macro   0x000000000000fadd      0x1ef ./Drivers/STM32F0xx_HAL_Driver/Src/stm32f0xx_ll_gpio.o

.debug_line     0x0000000000000000     0xa54f
 .debug_line    0x0000000000000000      0x861 ./Core/Src/LEDHANDLER/LedHandler_Main.o
 .debug_line    0x0000000000000861      0x6af ./Core/Src/OS/Os.o
 .debug_line    0x0000000000000f10      0x8d4 ./Core/Src/main.o
 .debug_line    0x00000000000017e4      0x7b7 ./Core/Src/stm32f0xx_hal_msp.o
 .debug_line    0x0000000000001f9b      0x7f9 ./Core/Src/stm32f0xx_it.o
 .debug_line    0x0000000000002794      0x71c ./Core/Src/system_stm32f0xx.o
 .debug_line    0x0000000000002eb0       0x89 ./Core/Startup/startup_stm32f030f4px.o
 .debug_line    0x0000000000002f39      0x927 ./Drivers/STM32F0xx_HAL_Driver/Src/stm32f0xx_hal.o
 .debug_line    0x0000000000003860      0x9d3 ./Drivers/STM32F0xx_HAL_Driver/Src/stm32f0xx_hal_cortex.o
 .debug_line    0x0000000000004233      0xd0f ./Drivers/STM32F0xx_HAL_Driver/Src/stm32f0xx_hal_rcc.o
 .debug_line    0x0000000000004f42     0x3553 ./Drivers/STM32F0xx_HAL_Driver/Src/stm32f0xx_hal_tim.o
 .debug_line    0x0000000000008495     0x1854 ./Drivers/STM32F0xx_HAL_Driver/Src/stm32f0xx_hal_tim_ex.o
 .debug_line    0x0000000000009ce9      0x866 ./Drivers/STM32F0xx_HAL_Driver/Src/stm32f0xx_ll_gpio.o

.debug_str      0x0000000000000000    0x60717
 .debug_str     0x0000000000000000    0x5dd36 ./Core/Src/LEDHANDLER/LedHandler_Main.o
                                      0x5e1ca (size before relaxing)
 .debug_str     0x000000000005dd36       0x28 ./Core/Src/OS/Os.o
                                      0x59716 (size before relaxing)
 .debug_str     0x000000000005dd5e      0x7ac ./Core/Src/main.o
                                      0x5e999 (size before relaxing)
 .debug_str     0x000000000005e50a      0x19b ./Core/Src/stm32f0xx_hal_msp.o
                                      0x5e76f (size before relaxing)
 .debug_str     0x000000000005e6a5       0xa8 ./Core/Src/stm32f0xx_it.o
                                      0x5e5cc (size before relaxing)
 .debug_str     0x000000000005e74d       0x8b ./Core/Src/system_stm32f0xx.o
                                      0x597c7 (size before relaxing)
 .debug_str     0x000000000005e7d8       0x36 ./Core/Startup/startup_stm32f030f4px.o
                                         0x72 (size before relaxing)
 .debug_str     0x000000000005e80e      0x37f ./Drivers/STM32F0xx_HAL_Driver/Src/stm32f0xx_hal.o
                                      0x59d26 (size before relaxing)
 .debug_str     0x000000000005eb8d      0x1ab ./Drivers/STM32F0xx_HAL_Driver/Src/stm32f0xx_hal_cortex.o
                                      0x59b17 (size before relaxing)
 .debug_str     0x000000000005ed38      0x233 ./Drivers/STM32F0xx_HAL_Driver/Src/stm32f0xx_hal_rcc.o
                                      0x59c03 (size before relaxing)
 .debug_str     0x000000000005ef6b      0xe16 ./Drivers/STM32F0xx_HAL_Driver/Src/stm32f0xx_hal_tim.o
                                      0x5abcd (size before relaxing)
 .debug_str     0x000000000005fd81      0x493 ./Drivers/STM32F0xx_HAL_Driver/Src/stm32f0xx_hal_tim_ex.o
                                      0x5a3e9 (size before relaxing)
 .debug_str     0x0000000000060214      0x503 ./Drivers/STM32F0xx_HAL_Driver/Src/stm32f0xx_ll_gpio.o
                                      0x5a84d (size before relaxing)

.comment        0x0000000000000000       0x50
 .comment       0x0000000000000000       0x50 ./Core/Src/LEDHANDLER/LedHandler_Main.o
                                         0x51 (size before relaxing)
 .comment       0x0000000000000050       0x51 ./Core/Src/OS/Os.o
 .comment       0x0000000000000050       0x51 ./Core/Src/main.o
 .comment       0x0000000000000050       0x51 ./Core/Src/stm32f0xx_hal_msp.o
 .comment       0x0000000000000050       0x51 ./Core/Src/stm32f0xx_it.o
 .comment       0x0000000000000050       0x51 ./Core/Src/system_stm32f0xx.o
 .comment       0x0000000000000050       0x51 ./Drivers/STM32F0xx_HAL_Driver/Src/stm32f0xx_hal.o
 .comment       0x0000000000000050       0x51 ./Drivers/STM32F0xx_HAL_Driver/Src/stm32f0xx_hal_cortex.o
 .comment       0x0000000000000050       0x51 ./Drivers/STM32F0xx_HAL_Driver/Src/stm32f0xx_hal_rcc.o
 .comment       0x0000000000000050       0x51 ./Drivers/STM32F0xx_HAL_Driver/Src/stm32f0xx_hal_tim.o
 .comment       0x0000000000000050       0x51 ./Drivers/STM32F0xx_HAL_Driver/Src/stm32f0xx_hal_tim_ex.o
 .comment       0x0000000000000050       0x51 ./Drivers/STM32F0xx_HAL_Driver/Src/stm32f0xx_ll_gpio.o

.debug_frame    0x0000000000000000     0x205c
 .debug_frame   0x0000000000000000       0xa0 ./Core/Src/LEDHANDLER/LedHandler_Main.o
 .debug_frame   0x00000000000000a0       0x48 ./Core/Src/OS/Os.o
 .debug_frame   0x00000000000000e8       0xe8 ./Core/Src/main.o
 .debug_frame   0x00000000000001d0       0x70 ./Core/Src/stm32f0xx_hal_msp.o
 .debug_frame   0x0000000000000240       0xb8 ./Core/Src/stm32f0xx_it.o
 .debug_frame   0x00000000000002f8       0x4c ./Core/Src/system_stm32f0xx.o
 .debug_frame   0x0000000000000344      0x2a4 ./Drivers/STM32F0xx_HAL_Driver/Src/stm32f0xx_hal.o
 .debug_frame   0x00000000000005e8      0x2a0 ./Drivers/STM32F0xx_HAL_Driver/Src/stm32f0xx_hal_cortex.o
 .debug_frame   0x0000000000000888      0x198 ./Drivers/STM32F0xx_HAL_Driver/Src/stm32f0xx_hal_rcc.o
 .debug_frame   0x0000000000000a20      0xf00 ./Drivers/STM32F0xx_HAL_Driver/Src/stm32f0xx_hal_tim.o
 .debug_frame   0x0000000000001920      0x560 ./Drivers/STM32F0xx_HAL_Driver/Src/stm32f0xx_hal_tim_ex.o
 .debug_frame   0x0000000000001e80      0x170 ./Drivers/STM32F0xx_HAL_Driver/Src/stm32f0xx_ll_gpio.o
 .debug_frame   0x0000000000001ff0       0x2c c:/st/stm32cubeide_1.12.1/stm32cubeide/plugins/com.st.stm32cube.ide.mcu.externaltools.gnu-tools-for-stm32.10.3-2021.10.win32_1.0.200.202301161003/tools/bin/../lib/gcc/arm-none-eabi/10.3.1/../../../../arm-none-eabi/lib/thumb/v6-m/nofp\libc_nano.a(lib_a-init.o)
 .debug_frame   0x000000000000201c       0x20 c:/st/stm32cubeide_1.12.1/stm32cubeide/plugins/com.st.stm32cube.ide.mcu.externaltools.gnu-tools-for-stm32.10.3-2021.10.win32_1.0.200.202301161003/tools/bin/../lib/gcc/arm-none-eabi/10.3.1/../../../../arm-none-eabi/lib/thumb/v6-m/nofp\libc_nano.a(lib_a-memset.o)
 .debug_frame   0x000000000000203c       0x20 c:/st/stm32cubeide_1.12.1/stm32cubeide/plugins/com.st.stm32cube.ide.mcu.externaltools.gnu-tools-for-stm32.10.3-2021.10.win32_1.0.200.202301161003/tools/bin/../lib/gcc/arm-none-eabi/10.3.1/thumb/v6-m/nofp\libgcc.a(_udivsi3.o)
