Archive member included to satisfy reference by file (symbol)

c:/st/stm32cubeide_1.12.1/stm32cubeide/plugins/com.st.stm32cube.ide.mcu.externaltools.gnu-tools-for-stm32.10.3-2021.10.win32_1.0.200.202301161003/tools/bin/../lib/gcc/arm-none-eabi/10.3.1/../../../../arm-none-eabi/lib/thumb/v6-m/nofp\libc_nano.a(lib_a-errno.o)
                              ./Core/Src/syscalls.o (__errno)
c:/st/stm32cubeide_1.12.1/stm32cubeide/plugins/com.st.stm32cube.ide.mcu.externaltools.gnu-tools-for-stm32.10.3-2021.10.win32_1.0.200.202301161003/tools/bin/../lib/gcc/arm-none-eabi/10.3.1/../../../../arm-none-eabi/lib/thumb/v6-m/nofp\libc_nano.a(lib_a-exit.o)
                              c:/st/stm32cubeide_1.12.1/stm32cubeide/plugins/com.st.stm32cube.ide.mcu.externaltools.gnu-tools-for-stm32.10.3-2021.10.win32_1.0.200.202301161003/tools/bin/../lib/gcc/arm-none-eabi/10.3.1/../../../../arm-none-eabi/lib/thumb/v6-m/nofp/crt0.o (exit)
c:/st/stm32cubeide_1.12.1/stm32cubeide/plugins/com.st.stm32cube.ide.mcu.externaltools.gnu-tools-for-stm32.10.3-2021.10.win32_1.0.200.202301161003/tools/bin/../lib/gcc/arm-none-eabi/10.3.1/../../../../arm-none-eabi/lib/thumb/v6-m/nofp\libc_nano.a(lib_a-impure.o)
                              c:/st/stm32cubeide_1.12.1/stm32cubeide/plugins/com.st.stm32cube.ide.mcu.externaltools.gnu-tools-for-stm32.10.3-2021.10.win32_1.0.200.202301161003/tools/bin/../lib/gcc/arm-none-eabi/10.3.1/../../../../arm-none-eabi/lib/thumb/v6-m/nofp\libc_nano.a(lib_a-exit.o) (_global_impure_ptr)
c:/st/stm32cubeide_1.12.1/stm32cubeide/plugins/com.st.stm32cube.ide.mcu.externaltools.gnu-tools-for-stm32.10.3-2021.10.win32_1.0.200.202301161003/tools/bin/../lib/gcc/arm-none-eabi/10.3.1/../../../../arm-none-eabi/lib/thumb/v6-m/nofp\libc_nano.a(lib_a-init.o)
                              c:/st/stm32cubeide_1.12.1/stm32cubeide/plugins/com.st.stm32cube.ide.mcu.externaltools.gnu-tools-for-stm32.10.3-2021.10.win32_1.0.200.202301161003/tools/bin/../lib/gcc/arm-none-eabi/10.3.1/../../../../arm-none-eabi/lib/thumb/v6-m/nofp/crt0.o (__libc_init_array)
c:/st/stm32cubeide_1.12.1/stm32cubeide/plugins/com.st.stm32cube.ide.mcu.externaltools.gnu-tools-for-stm32.10.3-2021.10.win32_1.0.200.202301161003/tools/bin/../lib/gcc/arm-none-eabi/10.3.1/../../../../arm-none-eabi/lib/thumb/v6-m/nofp\libc_nano.a(lib_a-memset.o)
                              c:/st/stm32cubeide_1.12.1/stm32cubeide/plugins/com.st.stm32cube.ide.mcu.externaltools.gnu-tools-for-stm32.10.3-2021.10.win32_1.0.200.202301161003/tools/bin/../lib/gcc/arm-none-eabi/10.3.1/../../../../arm-none-eabi/lib/thumb/v6-m/nofp/crt0.o (memset)
c:/st/stm32cubeide_1.12.1/stm32cubeide/plugins/com.st.stm32cube.ide.mcu.externaltools.gnu-tools-for-stm32.10.3-2021.10.win32_1.0.200.202301161003/tools/bin/../lib/gcc/arm-none-eabi/10.3.1/thumb/v6-m/nofp\libgcc.a(_udivsi3.o)
                              ./Core/Src/main.o (__aeabi_uidiv)
c:/st/stm32cubeide_1.12.1/stm32cubeide/plugins/com.st.stm32cube.ide.mcu.externaltools.gnu-tools-for-stm32.10.3-2021.10.win32_1.0.200.202301161003/tools/bin/../lib/gcc/arm-none-eabi/10.3.1/thumb/v6-m/nofp\libgcc.a(_dvmd_tls.o)
                              c:/st/stm32cubeide_1.12.1/stm32cubeide/plugins/com.st.stm32cube.ide.mcu.externaltools.gnu-tools-for-stm32.10.3-2021.10.win32_1.0.200.202301161003/tools/bin/../lib/gcc/arm-none-eabi/10.3.1/thumb/v6-m/nofp\libgcc.a(_udivsi3.o) (__aeabi_idiv0)

Discarded input sections

 .text          0x0000000000000000        0x0 c:/st/stm32cubeide_1.12.1/stm32cubeide/plugins/com.st.stm32cube.ide.mcu.externaltools.gnu-tools-for-stm32.10.3-2021.10.win32_1.0.200.202301161003/tools/bin/../lib/gcc/arm-none-eabi/10.3.1/thumb/v6-m/nofp/crti.o
 .data          0x0000000000000000        0x0 c:/st/stm32cubeide_1.12.1/stm32cubeide/plugins/com.st.stm32cube.ide.mcu.externaltools.gnu-tools-for-stm32.10.3-2021.10.win32_1.0.200.202301161003/tools/bin/../lib/gcc/arm-none-eabi/10.3.1/thumb/v6-m/nofp/crti.o
 .bss           0x0000000000000000        0x0 c:/st/stm32cubeide_1.12.1/stm32cubeide/plugins/com.st.stm32cube.ide.mcu.externaltools.gnu-tools-for-stm32.10.3-2021.10.win32_1.0.200.202301161003/tools/bin/../lib/gcc/arm-none-eabi/10.3.1/thumb/v6-m/nofp/crti.o
 .data          0x0000000000000000        0x4 c:/st/stm32cubeide_1.12.1/stm32cubeide/plugins/com.st.stm32cube.ide.mcu.externaltools.gnu-tools-for-stm32.10.3-2021.10.win32_1.0.200.202301161003/tools/bin/../lib/gcc/arm-none-eabi/10.3.1/thumb/v6-m/nofp/crtbegin.o
 .rodata        0x0000000000000000       0x24 c:/st/stm32cubeide_1.12.1/stm32cubeide/plugins/com.st.stm32cube.ide.mcu.externaltools.gnu-tools-for-stm32.10.3-2021.10.win32_1.0.200.202301161003/tools/bin/../lib/gcc/arm-none-eabi/10.3.1/thumb/v6-m/nofp/crtbegin.o
 .text          0x0000000000000000       0x80 c:/st/stm32cubeide_1.12.1/stm32cubeide/plugins/com.st.stm32cube.ide.mcu.externaltools.gnu-tools-for-stm32.10.3-2021.10.win32_1.0.200.202301161003/tools/bin/../lib/gcc/arm-none-eabi/10.3.1/../../../../arm-none-eabi/lib/thumb/v6-m/nofp/crt0.o
[...]
Memory Configuration

Name             Origin             Length             Attributes
RAM              0x0000000020000000 0x0000000000001000 xrw
FLASH            0x0000000008000000 0x0000000000004000 xr
*default*        0x0000000000000000 0xffffffffffffffff

Linker script and memory map

LOAD c:/st/stm32cubeide_1.12.1/stm32cubeide/plugins/com.st.stm32cube.ide.mcu.externaltools.gnu-tools-for-stm32.10.3-2021.10.win32_1.0.200.202301161003/tools/bin/../lib/gcc/arm-none-eabi/10.3.1/thumb/v6-m/nofp/crti.o
LOAD c:/st/stm32cubeide_1.12.1/stm32cubeide/plugins/com.st.stm32cube.ide.mcu.externaltools.gnu-tools-for-stm32.10.3-2021.10.win32_1.0.200.202301161003/tools/bin/../lib/gcc/arm-none-eabi/10.3.1/thumb/v6-m/nofp/crtbegin.o
LOAD c:/st/stm32cubeide_1.12.1/stm32cubeide/plugins/com.st.stm32cube.ide.mcu.externaltools.gnu-tools-for-stm32.10.3-2021.10.win32_1.0.200.202301161003/tools/bin/../lib/gcc/arm-none-eabi/10.3.1/../../../../arm-none-eabi/lib/thumb/v6-m/nofp/crt0.o
LOAD ./Core/Src/UserCode/ButtonLogic/ButtonHandler_Main.o
LOAD ./Core/Src/UserCode/IOHWAB/IoHwAb_Main.o
LOAD ./Core/Src/UserCode/LEDHANDLER/LedHandler_Main.o
LOAD ./Core/Src/UserCode/OS/Os.o
LOAD ./Core/Src/main.o
LOAD ./Core/Src/stm32f0xx_it.o
LOAD ./Core/Src/syscalls.o
LOAD ./Core/Src/sysmem.o
LOAD ./Core/Src/system_stm32f0xx.o
LOAD ./Core/Startup/startup_stm32f030f4px.o
LOAD ./Drivers/STM32F0xx_HAL_Driver/Src/stm32f0xx_ll_exti.o
LOAD ./Drivers/STM32F0xx_HAL_Driver/Src/stm32f0xx_ll_gpio.o
LOAD ./Drivers/STM32F0xx_HAL_Driver/Src/stm32f0xx_ll_rcc.o
LOAD ./Drivers/STM32F0xx_HAL_Driver/Src/stm32f0xx_ll_utils.o
START GROUP
LOAD c:/st/stm32cubeide_1.12.1/stm32cubeide/plugins/com.st.stm32cube.ide.mcu.externaltools.gnu-tools-for-stm32.10.3-2021.10.win32_1.0.200.202301161003/tools/bin/../lib/gcc/arm-none-eabi/10.3.1/../../../../arm-none-eabi/lib/thumb/v6-m/nofp\libc_nano.a
LOAD c:/st/stm32cubeide_1.12.1/stm32cubeide/plugins/com.st.stm32cube.ide.mcu.externaltools.gnu-tools-for-stm32.10.3-2021.10.win32_1.0.200.202301161003/tools/bin/../lib/gcc/arm-none-eabi/10.3.1/../../../../arm-none-eabi/lib/thumb/v6-m/nofp\libm.a
END GROUP
START GROUP
LOAD c:/st/stm32cubeide_1.12.1/stm32cubeide/plugins/com.st.stm32cube.ide.mcu.externaltools.gnu-tools-for-stm32.10.3-2021.10.win32_1.0.200.202301161003/tools/bin/../lib/gcc/arm-none-eabi/10.3.1/thumb/v6-m/nofp\libgcc.a
LOAD c:/st/stm32cubeide_1.12.1/stm32cubeide/plugins/com.st.stm32cube.ide.mcu.externaltools.gnu-tools-for-stm32.10.3-2021.10.win32_1.0.200.202301161003/tools/bin/../lib/gcc/arm-none-eabi/10.3.1/../../../../arm-none-eabi/lib/thumb/v6-m/nofp\libc_nano.a
END GROUP
START GROUP
LOAD c:/st/stm32cubeide_1.12.1/stm32cubeide/plugins/com.st.stm32cube.ide.mcu.externaltools.gnu-tools-for-stm32.10.3-2021.10.win32_1.0.200.202301161003/tools/bin/../lib/gcc/arm-none-eabi/10.3.1/thumb/v6-m/nofp\libgcc.a
LOAD c:/st/stm32cubeide_1.12.1/stm32cubeide/plugins/com.st.stm32cube.ide.mcu.externaltools.gnu-tools-for-stm32.10.3-2021.10.win32_1.0.200.202301161003/tools/bin/../lib/gcc/arm-none-eabi/10.3.1/../../../../arm-none-eabi/lib/thumb/v6-m/nofp\libc_nano.a
LOAD c:/st/stm32cubeide_1.12.1/stm32cubeide/plugins/com.st.stm32cube.ide.mcu.externaltools.gnu-tools-for-stm32.10.3-2021.10.win32_1.0.200.202301161003/tools/bin/../lib/gcc/arm-none-eabi/10.3.1/../../../../arm-none-eabi/lib/thumb/v6-m/nofp\libnosys.a
END GROUP
START GROUP
LOAD c:/st/stm32cubeide_1.12.1/stm32cubeide/plugins/com.st.stm32cube.ide.mcu.externaltools.gnu-tools-for-stm32.10.3-2021.10.win32_1.0.200.202301161003/tools/bin/../lib/gcc/arm-none-eabi/10.3.1/thumb/v6-m/nofp\libgcc.a
LOAD c:/st/stm32cubeide_1.12.1/stm32cubeide/plugins/com.st.stm32cube.ide.mcu.externaltools.gnu-tools-for-stm32.10.3-2021.10.win32_1.0.200.202301161003/tools/bin/../lib/gcc/arm-none-eabi/10.3.1/../../../../arm-none-eabi/lib/thumb/v6-m/nofp\libc_nano.a
LOAD c:/st/stm32cubeide_1.12.1/stm32cubeide/plugins/com.st.stm32cube.ide.mcu.externaltools.gnu-tools-for-stm32.10.3-2021.10.win32_1.0.200.202301161003/tools/bin/../lib/gcc/arm-none-eabi/10.3.1/../../../../arm-none-eabi/lib/thumb/v6-m/nofp\libnosys.a
END GROUP
LOAD c:/st/stm32cubeide_1.12.1/stm32cubeide/plugins/com.st.stm32cube.ide.mcu.externaltools.gnu-tools-for-stm32.10.3-2021.10.win32_1.0.200.202301161003/tools/bin/../lib/gcc/arm-none-eabi/10.3.1/thumb/v6-m/nofp/crtend.o
LOAD c:/st/stm32cubeide_1.12.1/stm32cubeide/plugins/com.st.stm32cube.ide.mcu.externaltools.gnu-tools-for-stm32.10.3-2021.10.win32_1.0.200.202301161003/tools/bin/../lib/gcc/arm-none-eabi/10.3.1/thumb/v6-m/nofp/crtn.o
                0x0000000020001000                _estack = (ORIGIN (RAM) + LENGTH (RAM))
                0x0000000000000200                _Min_Heap_Size = 0x200
                0x0000000000000400                _Min_Stack_Size = 0x400

.isr_vector     0x0000000008000000       0xc0
                0x0000000008000000                . = ALIGN (0x4)
 *(.isr_vector)
 .isr_vector    0x0000000008000000       0xc0 ./Core/Startup/startup_stm32f030f4px.o
                0x0000000008000000                g_pfnVectors
                0x00000000080000c0                . = ALIGN (0x4)

.text           0x00000000080000c0      0xa30
                0x00000000080000c0                . = ALIGN (0x4)
 *(.text)
 .text          0x00000000080000c0       0x48 c:/st/stm32cubeide_1.12.1/stm32cubeide/plugins/com.st.stm32cube.ide.mcu.externaltools.gnu-tools-for-stm32.10.3-2021.10.win32_1.0.200.202301161003/tools/bin/../lib/gcc/arm-none-eabi/10.3.1/thumb/v6-m/nofp/crtbegin.o
 .text          0x0000000008000108      0x114 c:/st/stm32cubeide_1.12.1/stm32cubeide/plugins/com.st.stm32cube.ide.mcu.externaltools.gnu-tools-for-stm32.10.3-2021.10.win32_1.0.200.202301161003/tools/bin/../lib/gcc/arm-none-eabi/10.3.1/thumb/v6-m/nofp\libgcc.a(_udivsi3.o)
                0x0000000008000108                __aeabi_uidiv
                0x0000000008000108                __udivsi3
                0x0000000008000214                __aeabi_uidivmod
 .text          0x000000000800021c        0x4 c:/st/stm32cubeide_1.12.1/stm32cubeide/plugins/com.st.stm32cube.ide.mcu.externaltools.gnu-tools-for-stm32.10.3-2021.10.win32_1.0.200.202301161003/tools/bin/../lib/gcc/arm-none-eabi/10.3.1/thumb/v6-m/nofp\libgcc.a(_dvmd_tls.o)
                0x000000000800021c                __aeabi_idiv0
                0x000000000800021c                __aeabi_ldiv0
 *(.text*)
 .text.ButtonHandler_MainFunction
                0x0000000008000220       0x44 ./Core/Src/UserCode/ButtonLogic/ButtonHandler_Main.o
                0x0000000008000220                ButtonHandler_MainFunction
 .text.ButtonHandler_Debounce
                0x0000000008000264       0x60 ./Core/Src/UserCode/ButtonLogic/ButtonHandler_Main.o
 .text.LL_GPIO_ReadInputPort
                0x00000000080002c4       0x14 ./Core/Src/UserCode/IOHWAB/IoHwAb_Main.o
 .text.IoHwAb_MainFunction
                0x00000000080002d8       0x24 ./Core/Src/UserCode/IOHWAB/IoHwAb_Main.o
                0x00000000080002d8                IoHwAb_MainFunction
 .text.IoHwAb_GetInput
                0x00000000080002fc       0x2c ./Core/Src/UserCode/IOHWAB/IoHwAb_Main.o
                0x00000000080002fc                IoHwAb_GetInput
 .text.LL_GPIO_TogglePin
                0x0000000008000328       0x2e ./Core/Src/UserCode/LEDHANDLER/LedHandler_Main.o
 .text.LedHandler_MainFunction
                0x0000000008000356        0xa ./Core/Src/UserCode/LEDHANDLER/LedHandler_Main.o
                0x0000000008000356                LedHandler_MainFunction
 .text.LedHandler_TurnOnLED
                0x0000000008000360       0x16 ./Core/Src/UserCode/LEDHANDLER/LedHandler_Main.o
                0x0000000008000360                LedHandler_TurnOnLED
 *fill*         0x0000000008000376        0x2 
 .text.__NVIC_EnableIRQ
                0x0000000008000378       0x34 ./Core/Src/UserCode/OS/Os.o
 .text.SysTick_Handler
                0x00000000080003ac       0x1c ./Core/Src/UserCode/OS/Os.o
                0x00000000080003ac                SysTick_Handler
 .text.Os_ClearEvent
                0x00000000080003c8       0x20 ./Core/Src/UserCode/OS/Os.o
 .text.Os_Scheduler
                0x00000000080003e8       0x44 ./Core/Src/UserCode/OS/Os.o
                0x00000000080003e8                Os_Scheduler
 .text.Os_Init  0x000000000800042c       0x14 ./Core/Src/UserCode/OS/Os.o
                0x000000000800042c                Os_Init
 .text.Os_10msTask
                0x0000000008000440       0x16 ./Core/Src/UserCode/OS/Os.o
 *fill*         0x0000000008000456        0x2 
 .text.__NVIC_SetPriority
                0x0000000008000458       0xdc ./Core/Src/main.o
 .text.SysTick_Config
                0x0000000008000534       0x48 ./Core/Src/main.o
 .text.LL_GPIO_ResetOutputPin
                0x000000000800057c       0x18 ./Core/Src/main.o
 .text.LL_AHB1_GRP1_EnableClock
                0x0000000008000594       0x2c ./Core/Src/main.o
 .text.main     0x00000000080005c0       0x34 ./Core/Src/main.o
                0x00000000080005c0                main
 .text.MX_GPIO_LED_Init
                0x00000000080005f4       0x66 ./Core/Src/main.o
 .text.MX_GPIO_BUTTON_Init
                0x000000000800065a       0x50 ./Core/Src/main.o
 .text.NMI_Handler
                0x00000000080006aa        0x6 ./Core/Src/stm32f0xx_it.o
                0x00000000080006aa                NMI_Handler
 .text.HardFault_Handler
                0x00000000080006b0        0x6 ./Core/Src/stm32f0xx_it.o
                0x00000000080006b0                HardFault_Handler
 .text.SVC_Handler
                0x00000000080006b6        0xa ./Core/Src/stm32f0xx_it.o
                0x00000000080006b6                SVC_Handler
 .text.PendSV_Handler
                0x00000000080006c0        0xa ./Core/Src/stm32f0xx_it.o
                0x00000000080006c0                PendSV_Handler
 .text.TIM1_CC_IRQHandler
                0x00000000080006ca        0xa ./Core/Src/stm32f0xx_it.o
                0x00000000080006ca                TIM1_CC_IRQHandler
 .text.SystemInit
                0x00000000080006d4        0xa ./Core/Src/system_stm32f0xx.o
                0x00000000080006d4                SystemInit
 *fill*         0x00000000080006de        0x2 
 .text.SystemCoreClockUpdate
                0x00000000080006e0       0xec ./Core/Src/system_stm32f0xx.o
                0x00000000080006e0                SystemCoreClockUpdate
 .text.Reset_Handler
                0x00000000080007cc       0x50 ./Core/Startup/startup_stm32f030f4px.o
                0x00000000080007cc                Reset_Handler
 .text.Default_Handler
                0x000000000800081c        0x2 ./Core/Startup/startup_stm32f030f4px.o
                0x000000000800081c                I2C1_IRQHandler
                0x000000000800081c                SPI1_IRQHandler
                0x000000000800081c                EXTI2_3_IRQHandler
                0x000000000800081c                ADC1_IRQHandler
                0x000000000800081c                TIM17_IRQHandler
                0x000000000800081c                RTC_IRQHandler
                0x000000000800081c                TIM16_IRQHandler
                0x000000000800081c                TIM3_IRQHandler
                0x000000000800081c                EXTI4_15_IRQHandler
                0x000000000800081c                RCC_IRQHandler
                0x000000000800081c                DMA1_Channel1_IRQHandler
                0x000000000800081c                Default_Handler
                0x000000000800081c                TIM14_IRQHandler
                0x000000000800081c                DMA1_Channel4_5_IRQHandler
                0x000000000800081c                EXTI0_1_IRQHandler
                0x000000000800081c                WWDG_IRQHandler
                0x000000000800081c                DMA1_Channel2_3_IRQHandler
                0x000000000800081c                FLASH_IRQHandler
                0x000000000800081c                USART1_IRQHandler
                0x000000000800081c                TIM1_BRK_UP_TRG_COM_IRQHandler
 .text.LL_GPIO_SetPinMode
                0x000000000800081e       0x38 ./Drivers/STM32F0xx_HAL_Driver/Src/stm32f0xx_ll_gpio.o
 .text.LL_GPIO_SetPinOutputType
                0x0000000008000856       0x2a ./Drivers/STM32F0xx_HAL_Driver/Src/stm32f0xx_ll_gpio.o
 .text.LL_GPIO_SetPinSpeed
                0x0000000008000880       0x38 ./Drivers/STM32F0xx_HAL_Driver/Src/stm32f0xx_ll_gpio.o
 .text.LL_GPIO_SetPinPull
                0x00000000080008b8       0x38 ./Drivers/STM32F0xx_HAL_Driver/Src/stm32f0xx_ll_gpio.o
 .text.LL_GPIO_SetAFPin_0_7
                0x00000000080008f0       0x46 ./Drivers/STM32F0xx_HAL_Driver/Src/stm32f0xx_ll_gpio.o
 .text.LL_GPIO_SetAFPin_8_15
                0x0000000008000936       0x5a ./Drivers/STM32F0xx_HAL_Driver/Src/stm32f0xx_ll_gpio.o
 .text.LL_GPIO_Init
                0x0000000008000990       0xb8 ./Drivers/STM32F0xx_HAL_Driver/Src/stm32f0xx_ll_gpio.o
                0x0000000008000990                LL_GPIO_Init
 .text.LL_GPIO_StructInit
                0x0000000008000a48       0x38 ./Drivers/STM32F0xx_HAL_Driver/Src/stm32f0xx_ll_gpio.o
                0x0000000008000a48                LL_GPIO_StructInit
 .text.__libc_init_array
                0x0000000008000a80       0x48 c:/st/stm32cubeide_1.12.1/stm32cubeide/plugins/com.st.stm32cube.ide.mcu.externaltools.gnu-tools-for-stm32.10.3-2021.10.win32_1.0.200.202301161003/tools/bin/../lib/gcc/arm-none-eabi/10.3.1/../../../../arm-none-eabi/lib/thumb/v6-m/nofp\libc_nano.a(lib_a-init.o)
                0x0000000008000a80                __libc_init_array
 .text.memset   0x0000000008000ac8       0x10 c:/st/stm32cubeide_1.12.1/stm32cubeide/plugins/com.st.stm32cube.ide.mcu.externaltools.gnu-tools-for-stm32.10.3-2021.10.win32_1.0.200.202301161003/tools/bin/../lib/gcc/arm-none-eabi/10.3.1/../../../../arm-none-eabi/lib/thumb/v6-m/nofp\libc_nano.a(lib_a-memset.o)
                0x0000000008000ac8                memset
 *(.glue_7)
 .glue_7        0x0000000008000ad8        0x0 linker stubs
 *(.glue_7t)
 .glue_7t       0x0000000008000ad8        0x0 linker stubs
 *(.eh_frame)
 .eh_frame      0x0000000008000ad8        0x0 c:/st/stm32cubeide_1.12.1/stm32cubeide/plugins/com.st.stm32cube.ide.mcu.externaltools.gnu-tools-for-stm32.10.3-2021.10.win32_1.0.200.202301161003/tools/bin/../lib/gcc/arm-none-eabi/10.3.1/thumb/v6-m/nofp/crtbegin.o
 *(.init)
 .init          0x0000000008000ad8        0x4 c:/st/stm32cubeide_1.12.1/stm32cubeide/plugins/com.st.stm32cube.ide.mcu.externaltools.gnu-tools-for-stm32.10.3-2021.10.win32_1.0.200.202301161003/tools/bin/../lib/gcc/arm-none-eabi/10.3.1/thumb/v6-m/nofp/crti.o
                0x0000000008000ad8                _init
 .init          0x0000000008000adc        0x8 c:/st/stm32cubeide_1.12.1/stm32cubeide/plugins/com.st.stm32cube.ide.mcu.externaltools.gnu-tools-for-stm32.10.3-2021.10.win32_1.0.200.202301161003/tools/bin/../lib/gcc/arm-none-eabi/10.3.1/thumb/v6-m/nofp/crtn.o
 *(.fini)
 .fini          0x0000000008000ae4        0x4 c:/st/stm32cubeide_1.12.1/stm32cubeide/plugins/com.st.stm32cube.ide.mcu.externaltools.gnu-tools-for-stm32.10.3-2021.10.win32_1.0.200.202301161003/tools/bin/../lib/gcc/arm-none-eabi/10.3.1/thumb/v6-m/nofp/crti.o
                0x0000000008000ae4                _fini
 .fini          0x0000000008000ae8        0x8 c:/st/stm32cubeide_1.12.1/stm32cubeide/plugins/com.st.stm32cube.ide.mcu.externaltools.gnu-tools-for-stm32.10.3-2021.10.win32_1.0.200.202301161003/tools/bin/../lib/gcc/arm-none-eabi/10.3.1/thumb/v6-m/nofp/crtn.o
                0x0000000008000af0                . = ALIGN (0x4)
                0x0000000008000af0                _etext = .

.vfp11_veneer   0x0000000008000af0        0x0
 .vfp11_veneer  0x0000000008000af0        0x0 linker stubs

.v4_bx          0x0000000008000af0        0x0
 .v4_bx         0x0000000008000af0        0x0 linker stubs

.iplt           0x0000000008000af0        0x0
 .iplt          0x0000000008000af0        0x0 c:/st/stm32cubeide_1.12.1/stm32cubeide/plugins/com.st.stm32cube.ide.mcu.externaltools.gnu-tools-for-stm32.10.3-2021.10.win32_1.0.200.202301161003/tools/bin/../lib/gcc/arm-none-eabi/10.3.1/thumb/v6-m/nofp/crtbegin.o

.rodata         0x0000000008000af0       0x10
                0x0000000008000af0                . = ALIGN (0x4)
 *(.rodata)
 *(.rodata*)
 .rodata.AHBPrescTable
                0x0000000008000af0       0x10 ./Core/Src/system_stm32f0xx.o
                0x0000000008000af0                AHBPrescTable
                0x0000000008000b00                . = ALIGN (0x4)

.rel.dyn        0x0000000008000b00        0x0
 .rel.iplt      0x0000000008000b00        0x0 c:/st/stm32cubeide_1.12.1/stm32cubeide/plugins/com.st.stm32cube.ide.mcu.externaltools.gnu-tools-for-stm32.10.3-2021.10.win32_1.0.200.202301161003/tools/bin/../lib/gcc/arm-none-eabi/10.3.1/thumb/v6-m/nofp/crtbegin.o

.ARM.extab      0x0000000008000b00        0x0
                0x0000000008000b00                . = ALIGN (0x4)
 *(.ARM.extab* .gnu.linkonce.armextab.*)
                0x0000000008000b00                . = ALIGN (0x4)

.ARM            0x0000000008000b00        0x0
                0x0000000008000b00                . = ALIGN (0x4)
                0x0000000008000b00                __exidx_start = .
 *(.ARM.exidx*)
                0x0000000008000b00                __exidx_end = .
                0x0000000008000b00                . = ALIGN (0x4)

.preinit_array  0x0000000008000b00        0x0
                0x0000000008000b00                . = ALIGN (0x4)
                0x0000000008000b00                PROVIDE (__preinit_array_start = .)
 *(.preinit_array*)
                0x0000000008000b00                PROVIDE (__preinit_array_end = .)
                0x0000000008000b00                . = ALIGN (0x4)

.init_array     0x0000000008000b00        0x4
                0x0000000008000b00                . = ALIGN (0x4)
                0x0000000008000b00                PROVIDE (__init_array_start = .)
 *(SORT_BY_NAME(.init_array.*))
 *(.init_array*)
 .init_array    0x0000000008000b00        0x4 c:/st/stm32cubeide_1.12.1/stm32cubeide/plugins/com.st.stm32cube.ide.mcu.externaltools.gnu-tools-for-stm32.10.3-2021.10.win32_1.0.200.202301161003/tools/bin/../lib/gcc/arm-none-eabi/10.3.1/thumb/v6-m/nofp/crtbegin.o
                0x0000000008000b04                PROVIDE (__init_array_end = .)
                0x0000000008000b04                . = ALIGN (0x4)

.fini_array     0x0000000008000b04        0x4
                0x0000000008000b04                . = ALIGN (0x4)
                [!provide]                        PROVIDE (__fini_array_start = .)
 *(SORT_BY_NAME(.fini_array.*))
 *(.fini_array*)
 .fini_array    0x0000000008000b04        0x4 c:/st/stm32cubeide_1.12.1/stm32cubeide/plugins/com.st.stm32cube.ide.mcu.externaltools.gnu-tools-for-stm32.10.3-2021.10.win32_1.0.200.202301161003/tools/bin/../lib/gcc/arm-none-eabi/10.3.1/thumb/v6-m/nofp/crtbegin.o
                [!provide]                        PROVIDE (__fini_array_end = .)
                0x0000000008000b08                . = ALIGN (0x4)
                0x0000000008000b08                _sidata = LOADADDR (.data)

.data           0x0000000020000000        0x4 load address 0x0000000008000b08
                0x0000000020000000                . = ALIGN (0x4)
                0x0000000020000000                _sdata = .
 *(.data)
 *(.data*)
 .data.SystemCoreClock
                0x0000000020000000        0x4 ./Core/Src/system_stm32f0xx.o
                0x0000000020000000                SystemCoreClock
 *(.RamFunc)
 *(.RamFunc*)
                0x0000000020000004                . = ALIGN (0x4)
                0x0000000020000004                _edata = .

.igot.plt       0x0000000020000004        0x0 load address 0x0000000008000b0c
 .igot.plt      0x0000000020000004        0x0 c:/st/stm32cubeide_1.12.1/stm32cubeide/plugins/com.st.stm32cube.ide.mcu.externaltools.gnu-tools-for-stm32.10.3-2021.10.win32_1.0.200.202301161003/tools/bin/../lib/gcc/arm-none-eabi/10.3.1/thumb/v6-m/nofp/crtbegin.o
                0x0000000020000004                . = ALIGN (0x4)

.bss            0x0000000020000004       0x44 load address 0x0000000008000b0c
                0x0000000020000004                _sbss = .
                0x0000000020000004                __bss_start__ = _sbss
 *(.bss)
 .bss           0x0000000020000004       0x1c c:/st/stm32cubeide_1.12.1/stm32cubeide/plugins/com.st.stm32cube.ide.mcu.externaltools.gnu-tools-for-stm32.10.3-2021.10.win32_1.0.200.202301161003/tools/bin/../lib/gcc/arm-none-eabi/10.3.1/thumb/v6-m/nofp/crtbegin.o
 *(.bss*)
 .bss.debouncedValue
                0x0000000020000020        0x4 ./Core/Src/UserCode/ButtonLogic/ButtonHandler_Main.o
                0x0000000020000020                debouncedValue
 .bss.prevDebouncedValue
                0x0000000020000024        0x4 ./Core/Src/UserCode/ButtonLogic/ButtonHandler_Main.o
                0x0000000020000024                prevDebouncedValue
 .bss.prevValue
                0x0000000020000028        0x4 ./Core/Src/UserCode/ButtonLogic/ButtonHandler_Main.o
                0x0000000020000028                prevValue
 .bss.actualValue
                0x000000002000002c        0x4 ./Core/Src/UserCode/ButtonLogic/ButtonHandler_Main.o
                0x000000002000002c                actualValue
 .bss.counter.1
                0x0000000020000030        0x4 ./Core/Src/UserCode/ButtonLogic/ButtonHandler_Main.o
 .bss.retValue.0
                0x0000000020000034        0x4 ./Core/Src/UserCode/ButtonLogic/ButtonHandler_Main.o
 .bss.Buffer    0x0000000020000038        0x8 ./Core/Src/UserCode/IOHWAB/IoHwAb_Main.o
 .bss.evMask    0x0000000020000040        0x4 ./Core/Src/UserCode/OS/Os.o
                0x0000000020000040                evMask
 .bss.globalTime
                0x0000000020000044        0x4 ./Core/Src/UserCode/OS/Os.o
                0x0000000020000044                globalTime
 *(COMMON)
                0x0000000020000048                . = ALIGN (0x4)
                0x0000000020000048                _ebss = .
                0x0000000020000048                __bss_end__ = _ebss

._user_heap_stack
                0x0000000020000048      0x600 load address 0x0000000008000b0c
                0x0000000020000048                . = ALIGN (0x8)
                [!provide]                        PROVIDE (end = .)
                0x0000000020000048                PROVIDE (_end = .)
                0x0000000020000248                . = (. + _Min_Heap_Size)
 *fill*         0x0000000020000048      0x200 
                0x0000000020000648                . = (. + _Min_Stack_Size)
 *fill*         0x0000000020000248      0x400 
                0x0000000020000648                . = ALIGN (0x8)

/DISCARD/
 libc.a(*)
 libm.a(*)
 libgcc.a(*)

.ARM.attributes
                0x0000000000000000       0x28
 *(.ARM.attributes)
 .ARM.attributes
                0x0000000000000000       0x1e c:/st/stm32cubeide_1.12.1/stm32cubeide/plugins/com.st.stm32cube.ide.mcu.externaltools.gnu-tools-for-stm32.10.3-2021.10.win32_1.0.200.202301161003/tools/bin/../lib/gcc/arm-none-eabi/10.3.1/thumb/v6-m/nofp/crti.o
 .ARM.attributes
                0x000000000000001e       0x2c c:/st/stm32cubeide_1.12.1/stm32cubeide/plugins/com.st.stm32cube.ide.mcu.externaltools.gnu-tools-for-stm32.10.3-2021.10.win32_1.0.200.202301161003/tools/bin/../lib/gcc/arm-none-eabi/10.3.1/thumb/v6-m/nofp/crtbegin.o
 .ARM.attributes
                0x000000000000004a       0x2c ./Core/Src/UserCode/ButtonLogic/ButtonHandler_Main.o
 .ARM.attributes
                0x0000000000000076       0x2c ./Core/Src/UserCode/IOHWAB/IoHwAb_Main.o
 .ARM.attributes
                0x00000000000000a2       0x2c ./Core/Src/UserCode/LEDHANDLER/LedHandler_Main.o
 .ARM.attributes
                0x00000000000000ce       0x2c ./Core/Src/UserCode/OS/Os.o
 .ARM.attributes
                0x00000000000000fa       0x2c ./Core/Src/main.o
 .ARM.attributes
                0x0000000000000126       0x2c ./Core/Src/stm32f0xx_it.o
 .ARM.attributes
                0x0000000000000152       0x2c ./Core/Src/system_stm32f0xx.o
 .ARM.attributes
                0x000000000000017e       0x21 ./Core/Startup/startup_stm32f030f4px.o
 .ARM.attributes
                0x000000000000019f       0x2c ./Drivers/STM32F0xx_HAL_Driver/Src/stm32f0xx_ll_gpio.o
 .ARM.attributes
                0x00000000000001cb       0x2c c:/st/stm32cubeide_1.12.1/stm32cubeide/plugins/com.st.stm32cube.ide.mcu.externaltools.gnu-tools-for-stm32.10.3-2021.10.win32_1.0.200.202301161003/tools/bin/../lib/gcc/arm-none-eabi/10.3.1/../../../../arm-none-eabi/lib/thumb/v6-m/nofp\libc_nano.a(lib_a-init.o)
 .ARM.attributes
                0x00000000000001f7       0x2c c:/st/stm32cubeide_1.12.1/stm32cubeide/plugins/com.st.stm32cube.ide.mcu.externaltools.gnu-tools-for-stm32.10.3-2021.10.win32_1.0.200.202301161003/tools/bin/../lib/gcc/arm-none-eabi/10.3.1/../../../../arm-none-eabi/lib/thumb/v6-m/nofp\libc_nano.a(lib_a-memset.o)
 .ARM.attributes
                0x0000000000000223       0x1e c:/st/stm32cubeide_1.12.1/stm32cubeide/plugins/com.st.stm32cube.ide.mcu.externaltools.gnu-tools-for-stm32.10.3-2021.10.win32_1.0.200.202301161003/tools/bin/../lib/gcc/arm-none-eabi/10.3.1/thumb/v6-m/nofp\libgcc.a(_udivsi3.o)
 .ARM.attributes
                0x0000000000000241       0x1e c:/st/stm32cubeide_1.12.1/stm32cubeide/plugins/com.st.stm32cube.ide.mcu.externaltools.gnu-tools-for-stm32.10.3-2021.10.win32_1.0.200.202301161003/tools/bin/../lib/gcc/arm-none-eabi/10.3.1/thumb/v6-m/nofp\libgcc.a(_dvmd_tls.o)
 .ARM.attributes
                0x000000000000025f       0x1e c:/st/stm32cubeide_1.12.1/stm32cubeide/plugins/com.st.stm32cube.ide.mcu.externaltools.gnu-tools-for-stm32.10.3-2021.10.win32_1.0.200.202301161003/tools/bin/../lib/gcc/arm-none-eabi/10.3.1/thumb/v6-m/nofp/crtn.o
OUTPUT(ProjektX.elf elf32-littlearm)
LOAD linker stubs
LOAD c:/st/stm32cubeide_1.12.1/stm32cubeide/plugins/com.st.stm32cube.ide.mcu.externaltools.gnu-tools-for-stm32.10.3-2021.10.win32_1.0.200.202301161003/tools/bin/../lib/gcc/arm-none-eabi/10.3.1/../../../../arm-none-eabi/lib/thumb/v6-m/nofp\libc.a
LOAD c:/st/stm32cubeide_1.12.1/stm32cubeide/plugins/com.st.stm32cube.ide.mcu.externaltools.gnu-tools-for-stm32.10.3-2021.10.win32_1.0.200.202301161003/tools/bin/../lib/gcc/arm-none-eabi/10.3.1/../../../../arm-none-eabi/lib/thumb/v6-m/nofp\libm.a
LOAD c:/st/stm32cubeide_1.12.1/stm32cubeide/plugins/com.st.stm32cube.ide.mcu.externaltools.gnu-tools-for-stm32.10.3-2021.10.win32_1.0.200.202301161003/tools/bin/../lib/gcc/arm-none-eabi/10.3.1/thumb/v6-m/nofp\libgcc.a

.debug_info     0x0000000000000000     0x1b5c
 .debug_info    0x0000000000000000      0x1b6 ./Core/Src/UserCode/ButtonLogic/ButtonHandler_Main.o
 .debug_info    0x00000000000001b6      0x317 ./Core/Src/UserCode/IOHWAB/IoHwAb_Main.o
 .debug_info    0x00000000000004cd      0x248 ./Core/Src/UserCode/LEDHANDLER/LedHandler_Main.o
 .debug_info    0x0000000000000715      0x40b ./Core/Src/UserCode/OS/Os.o
 .debug_info    0x0000000000000b20      0x74c ./Core/Src/main.o
 .debug_info    0x000000000000126c      0x10e ./Core/Src/stm32f0xx_it.o
 .debug_info    0x000000000000137a      0x262 ./Core/Src/system_stm32f0xx.o
 .debug_info    0x00000000000015dc       0x22 ./Core/Startup/startup_stm32f030f4px.o
 .debug_info    0x00000000000015fe      0x55e ./Drivers/STM32F0xx_HAL_Driver/Src/stm32f0xx_ll_gpio.o

.debug_abbrev   0x0000000000000000      0xb37
 .debug_abbrev  0x0000000000000000       0xfd ./Core/Src/UserCode/ButtonLogic/ButtonHandler_Main.o
 .debug_abbrev  0x00000000000000fd      0x158 ./Core/Src/UserCode/IOHWAB/IoHwAb_Main.o
 .debug_abbrev  0x0000000000000255      0x12b ./Core/Src/UserCode/LEDHANDLER/LedHandler_Main.o
 .debug_abbrev  0x0000000000000380      0x1e0 ./Core/Src/UserCode/OS/Os.o
 .debug_abbrev  0x0000000000000560      0x294 ./Core/Src/main.o
 .debug_abbrev  0x00000000000007f4       0x80 ./Core/Src/stm32f0xx_it.o
 .debug_abbrev  0x0000000000000874      0x116 ./Core/Src/system_stm32f0xx.o
 .debug_abbrev  0x000000000000098a       0x12 ./Core/Startup/startup_stm32f030f4px.o
 .debug_abbrev  0x000000000000099c      0x19b ./Drivers/STM32F0xx_HAL_Driver/Src/stm32f0xx_ll_gpio.o

.debug_aranges  0x0000000000000000      0x268
 .debug_aranges
                0x0000000000000000       0x28 ./Core/Src/UserCode/ButtonLogic/ButtonHandler_Main.o
 .debug_aranges
                0x0000000000000028       0x38 ./Core/Src/UserCode/IOHWAB/IoHwAb_Main.o
 .debug_aranges
                0x0000000000000060       0x48 ./Core/Src/UserCode/LEDHANDLER/LedHandler_Main.o
 .debug_aranges
                0x00000000000000a8       0x68 ./Core/Src/UserCode/OS/Os.o
 .debug_aranges
                0x0000000000000110       0x58 ./Core/Src/main.o
 .debug_aranges
                0x0000000000000168       0x40 ./Core/Src/stm32f0xx_it.o
 .debug_aranges
                0x00000000000001a8       0x28 ./Core/Src/system_stm32f0xx.o
 .debug_aranges
                0x00000000000001d0       0x28 ./Core/Startup/startup_stm32f030f4px.o
 .debug_aranges
                0x00000000000001f8       0x70 ./Drivers/STM32F0xx_HAL_Driver/Src/stm32f0xx_ll_gpio.o

.debug_ranges   0x0000000000000000      0x1e0
 .debug_ranges  0x0000000000000000       0x18 ./Core/Src/UserCode/ButtonLogic/ButtonHandler_Main.o
 .debug_ranges  0x0000000000000018       0x28 ./Core/Src/UserCode/IOHWAB/IoHwAb_Main.o
 .debug_ranges  0x0000000000000040       0x38 ./Core/Src/UserCode/LEDHANDLER/LedHandler_Main.o
 .debug_ranges  0x0000000000000078       0x58 ./Core/Src/UserCode/OS/Os.o
 .debug_ranges  0x00000000000000d0       0x48 ./Core/Src/main.o
 .debug_ranges  0x0000000000000118       0x30 ./Core/Src/stm32f0xx_it.o
 .debug_ranges  0x0000000000000148       0x18 ./Core/Src/system_stm32f0xx.o
 .debug_ranges  0x0000000000000160       0x20 ./Core/Startup/startup_stm32f030f4px.o
 .debug_ranges  0x0000000000000180       0x60 ./Drivers/STM32F0xx_HAL_Driver/Src/stm32f0xx_ll_gpio.o

.debug_macro    0x0000000000000000     0x9834
 .debug_macro   0x0000000000000000      0x160 ./Core/Src/UserCode/ButtonLogic/ButtonHandler_Main.o
 .debug_macro   0x0000000000000160      0xa4e ./Core/Src/UserCode/ButtonLogic/ButtonHandler_Main.o
 .debug_macro   0x0000000000000bae       0x22 ./Core/Src/UserCode/ButtonLogic/ButtonHandler_Main.o
 .debug_macro   0x0000000000000bd0       0x8e ./Core/Src/UserCode/ButtonLogic/ButtonHandler_Main.o
 .debug_macro   0x0000000000000c5e       0x51 ./Core/Src/UserCode/ButtonLogic/ButtonHandler_Main.o
 .debug_macro   0x0000000000000caf      0x103 ./Core/Src/UserCode/ButtonLogic/ButtonHandler_Main.o
 .debug_macro   0x0000000000000db2       0x6a ./Core/Src/UserCode/ButtonLogic/ButtonHandler_Main.o
 .debug_macro   0x0000000000000e1c      0x1df ./Core/Src/UserCode/ButtonLogic/ButtonHandler_Main.o
 .debug_macro   0x0000000000000ffb       0x2e ./Core/Src/UserCode/ButtonLogic/ButtonHandler_Main.o
 .debug_macro   0x0000000000001029       0x22 ./Core/Src/UserCode/ButtonLogic/ButtonHandler_Main.o
 .debug_macro   0x000000000000104b       0x1c ./Core/Src/UserCode/ButtonLogic/ButtonHandler_Main.o
 .debug_macro   0x0000000000001067       0x22 ./Core/Src/UserCode/ButtonLogic/ButtonHandler_Main.o
 .debug_macro   0x0000000000001089       0xaf ./Core/Src/UserCode/ButtonLogic/ButtonHandler_Main.o
 .debug_macro   0x0000000000001138      0x391 ./Core/Src/UserCode/ButtonLogic/ButtonHandler_Main.o
 .debug_macro   0x00000000000014c9     0x6e6e ./Core/Src/UserCode/ButtonLogic/ButtonHandler_Main.o
 .debug_macro   0x0000000000008337       0x66 ./Core/Src/UserCode/ButtonLogic/ButtonHandler_Main.o
 .debug_macro   0x000000000000839d      0x177 ./Core/Src/UserCode/ButtonLogic/ButtonHandler_Main.o
 .debug_macro   0x0000000000008514      0x11f ./Core/Src/UserCode/ButtonLogic/ButtonHandler_Main.o
 .debug_macro   0x0000000000008633       0xd0 ./Core/Src/UserCode/ButtonLogic/ButtonHandler_Main.o
 .debug_macro   0x0000000000008703       0xab ./Core/Src/UserCode/ButtonLogic/ButtonHandler_Main.o
 .debug_macro   0x00000000000087ae       0x16 ./Core/Src/UserCode/ButtonLogic/ButtonHandler_Main.o
 .debug_macro   0x00000000000087c4      0x424 ./Core/Src/UserCode/ButtonLogic/ButtonHandler_Main.o
 .debug_macro   0x0000000000008be8       0x2a ./Core/Src/UserCode/ButtonLogic/ButtonHandler_Main.o
 .debug_macro   0x0000000000008c12       0x68 ./Core/Src/UserCode/ButtonLogic/ButtonHandler_Main.o
 .debug_macro   0x0000000000008c7a      0x215 ./Core/Src/UserCode/ButtonLogic/ButtonHandler_Main.o
 .debug_macro   0x0000000000008e8f       0x1c ./Core/Src/UserCode/ButtonLogic/ButtonHandler_Main.o
 .debug_macro   0x0000000000008eab       0x16 ./Core/Src/UserCode/ButtonLogic/ButtonHandler_Main.o
 .debug_macro   0x0000000000008ec1      0x13c ./Core/Src/UserCode/IOHWAB/IoHwAb_Main.o
 .debug_macro   0x0000000000008ffd      0x144 ./Core/Src/UserCode/LEDHANDLER/LedHandler_Main.o
 .debug_macro   0x0000000000009141      0x1a2 ./Core/Src/UserCode/OS/Os.o
 .debug_macro   0x00000000000092e3      0x140 ./Core/Src/main.o
 .debug_macro   0x0000000000009423      0x132 ./Core/Src/stm32f0xx_it.o
 .debug_macro   0x0000000000009555       0xcb ./Core/Src/system_stm32f0xx.o
 .debug_macro   0x0000000000009620       0xfb ./Drivers/STM32F0xx_HAL_Driver/Src/stm32f0xx_ll_gpio.o
 .debug_macro   0x000000000000971b      0x119 ./Drivers/STM32F0xx_HAL_Driver/Src/stm32f0xx_ll_gpio.o

.debug_line     0x0000000000000000     0x319b
 .debug_line    0x0000000000000000      0x626 ./Core/Src/UserCode/ButtonLogic/ButtonHandler_Main.o
 .debug_line    0x0000000000000626      0x624 ./Core/Src/UserCode/IOHWAB/IoHwAb_Main.o
 .debug_line    0x0000000000000c4a      0x608 ./Core/Src/UserCode/LEDHANDLER/LedHandler_Main.o
 .debug_line    0x0000000000001252      0x6e7 ./Core/Src/UserCode/OS/Os.o
 .debug_line    0x0000000000001939      0x6fe ./Core/Src/main.o
 .debug_line    0x0000000000002037      0x5d1 ./Core/Src/stm32f0xx_it.o
 .debug_line    0x0000000000002608      0x4ce ./Core/Src/system_stm32f0xx.o
 .debug_line    0x0000000000002ad6       0x89 ./Core/Startup/startup_stm32f030f4px.o
 .debug_line    0x0000000000002b5f      0x63c ./Drivers/STM32F0xx_HAL_Driver/Src/stm32f0xx_ll_gpio.o

.debug_str      0x0000000000000000    0x31427
 .debug_str     0x0000000000000000    0x30650 ./Core/Src/UserCode/ButtonLogic/ButtonHandler_Main.o
                                      0x307bc (size before relaxing)
 .debug_str     0x0000000000030650      0x132 ./Core/Src/UserCode/IOHWAB/IoHwAb_Main.o
                                      0x307c4 (size before relaxing)
 .debug_str     0x0000000000030782      0x11a ./Core/Src/UserCode/LEDHANDLER/LedHandler_Main.o
                                      0x3079e (size before relaxing)
 .debug_str     0x000000000003089c      0x330 ./Core/Src/UserCode/OS/Os.o
                                      0x30a8d (size before relaxing)
 .debug_str     0x0000000000030bcc      0x1d5 ./Core/Src/main.o
                                      0x30a58 (size before relaxing)
 .debug_str     0x0000000000030da1       0x79 ./Core/Src/stm32f0xx_it.o
                                      0x30675 (size before relaxing)
 .debug_str     0x0000000000030e1a       0xc2 ./Core/Src/system_stm32f0xx.o
                                      0x2bd0d (size before relaxing)
 .debug_str     0x0000000000030edc       0x36 ./Core/Startup/startup_stm32f030f4px.o
                                         0x72 (size before relaxing)
 .debug_str     0x0000000000030f12      0x515 ./Drivers/STM32F0xx_HAL_Driver/Src/stm32f0xx_ll_gpio.o
                                      0x2cd54 (size before relaxing)

.comment        0x0000000000000000       0x50
 .comment       0x0000000000000000       0x50 ./Core/Src/UserCode/ButtonLogic/ButtonHandler_Main.o
                                         0x51 (size before relaxing)
 .comment       0x0000000000000050       0x51 ./Core/Src/UserCode/IOHWAB/IoHwAb_Main.o
 .comment       0x0000000000000050       0x51 ./Core/Src/UserCode/LEDHANDLER/LedHandler_Main.o
 .comment       0x0000000000000050       0x51 ./Core/Src/UserCode/OS/Os.o
 .comment       0x0000000000000050       0x51 ./Core/Src/main.o
 .comment       0x0000000000000050       0x51 ./Core/Src/stm32f0xx_it.o
 .comment       0x0000000000000050       0x51 ./Core/Src/system_stm32f0xx.o
 .comment       0x0000000000000050       0x51 ./Drivers/STM32F0xx_HAL_Driver/Src/stm32f0xx_ll_gpio.o

.debug_frame    0x0000000000000000      0x690
 .debug_frame   0x0000000000000000       0x48 ./Core/Src/UserCode/ButtonLogic/ButtonHandler_Main.o
 .debug_frame   0x0000000000000048       0x8c ./Core/Src/UserCode/IOHWAB/IoHwAb_Main.o
 .debug_frame   0x00000000000000d4       0xc0 ./Core/Src/UserCode/LEDHANDLER/LedHandler_Main.o
 .debug_frame   0x0000000000000194      0x130 ./Core/Src/UserCode/OS/Os.o
 .debug_frame   0x00000000000002c4      0x108 ./Core/Src/main.o
 .debug_frame   0x00000000000003cc       0x9c ./Core/Src/stm32f0xx_it.o
 .debug_frame   0x0000000000000468       0x4c ./Core/Src/system_stm32f0xx.o
 .debug_frame   0x00000000000004b4      0x170 ./Drivers/STM32F0xx_HAL_Driver/Src/stm32f0xx_ll_gpio.o
 .debug_frame   0x0000000000000624       0x2c c:/st/stm32cubeide_1.12.1/stm32cubeide/plugins/com.st.stm32cube.ide.mcu.externaltools.gnu-tools-for-stm32.10.3-2021.10.win32_1.0.200.202301161003/tools/bin/../lib/gcc/arm-none-eabi/10.3.1/../../../../arm-none-eabi/lib/thumb/v6-m/nofp\libc_nano.a(lib_a-init.o)
 .debug_frame   0x0000000000000650       0x20 c:/st/stm32cubeide_1.12.1/stm32cubeide/plugins/com.st.stm32cube.ide.mcu.externaltools.gnu-tools-for-stm32.10.3-2021.10.win32_1.0.200.202301161003/tools/bin/../lib/gcc/arm-none-eabi/10.3.1/../../../../arm-none-eabi/lib/thumb/v6-m/nofp\libc_nano.a(lib_a-memset.o)
 .debug_frame   0x0000000000000670       0x20 c:/st/stm32cubeide_1.12.1/stm32cubeide/plugins/com.st.stm32cube.ide.mcu.externaltools.gnu-tools-for-stm32.10.3-2021.10.win32_1.0.200.202301161003/tools/bin/../lib/gcc/arm-none-eabi/10.3.1/thumb/v6-m/nofp\libgcc.a(_udivsi3.o)
