../Drivers/STM32F0xx_HAL_Driver/Inc/stm32f0xx_ll_gpio.h:728:26:LL_GPIO_ReadInputPort	16	static
../Drivers/STM32F0xx_HAL_Driver/Inc/stm32f0xx_ll_gpio.h:838:22:LL_GPIO_SetOutputPin	16	static
../Drivers/STM32F0xx_HAL_Driver/Inc/stm32f0xx_ll_gpio.h:867:22:LL_GPIO_ResetOutputPin	16	static
../Drivers/STM32F0xx_HAL_Driver/Inc/stm32f0xx_ll_bus.h:225:22:LL_AHB1_GRP1_EnableClock	24	static
../Core/Src/UserCode/IOHWAB/IoHwAb_Main.c:27:6:IoHwAb_Init	8	static
../Core/Src/UserCode/IOHWAB/IoHwAb_Main.c:35:6:IoHwAb_MainFunction	8	static
../Core/Src/UserCode/IOHWAB/IoHwAb_Main.c:41:10:IoHwAb_GetInput	24	static
../Core/Src/UserCode/IOHWAB/IoHwAb_Main.c:54:13:IoHwAb_GetDigitalData	16	static
../Core/Src/UserCode/IOHWAB/IoHwAb_Main.c:71:13:IoHwAb_InitDrivers	32	static
../Core/Src/UserCode/IOHWAB/IoHwAb_Main.c:105:6:IoHwAb_SetPin	24	static
