../Drivers/STM32F0xx_HAL_Driver/Inc/stm32f0xx_ll_gpio.h:769:22:LL_GPIO_WriteOutputPort	16	static
../Drivers/STM32F0xx_HAL_Driver/Inc/stm32f0xx_ll_gpio.h:896:22:LL_GPIO_TogglePin	24	static
../Core/Src/UserCode/LEDHANDLER/LedHandler_Main.c:8:6:LedHandler_Init	8	static
../Core/Src/UserCode/LEDHANDLER/LedHandler_Main.c:14:6:LedHandler_MainFunction	8	static
../Core/Src/UserCode/LEDHANDLER/LedHandler_Main.c:27:6:LedHandler_TurnOnLED	8	static
../Core/Src/UserCode/LEDHANDLER/LedHandler_Main.c:32:6:LedHandler_TurnOffLED	8	static
