../Drivers/CMSIS/Include/core_cm0.h:730:22:__NVIC_SetPriority	24	static
../Drivers/CMSIS/Include/core_cm0.h:920:26:SysTick_Config	16	static
../Drivers/STM32F0xx_HAL_Driver/Inc/stm32f0xx_ll_gpio.h:867:22:LL_GPIO_ResetOutputPin	16	static
../Drivers/STM32F0xx_HAL_Driver/Inc/stm32f0xx_ll_bus.h:225:22:LL_AHB1_GRP1_EnableClock	24	static
../Core/Src/main.c:68:5:main	8	static,ignoring_inline_asm
../Core/Src/main.c:139:13:MX_GPIO_LED_Init	32	static
../Core/Src/main.c:164:13:MX_GPIO_BUTTON_Init	32	static
../Core/Src/main.c:194:6:Error_Handler	8	static,ignoring_inline_asm
