../Drivers/CMSIS/Include/core_cm0.h:623:22:__NVIC_EnableIRQ	16	static
../Core/Src/UserCode/OS/Os.c:57:6:SysTick_Handler	8	static
../Core/Src/UserCode/OS/Os.c:67:13:Os_ClearEvent	16	static
../Core/Src/UserCode/OS/Os.c:73:13:Os_SetEvent	16	static
../Core/Src/UserCode/OS/Os.c:78:10:Os_GetGlobalTimeMs	8	static
../Core/Src/UserCode/OS/Os.c:84:6:Os_Scheduler	16	static
../Core/Src/UserCode/OS/Os.c:105:6:Os_Init	8	static
../Core/Src/UserCode/OS/Os.c:114:13:Os_10msTask	8	static
../Core/Src/UserCode/OS/Os.c:122:13:Os_InitTask	8	static
../Core/Src/UserCode/OS/Os.c:129:13:Os_CalculateEvent	16	static
