../Drivers/STM32F0xx_HAL_Driver/Inc/stm32f0xx_ll_rtc.h:677:22:LL_RTC_SetHourFormat	16	static
../Drivers/STM32F0xx_HAL_Driver/Inc/stm32f0xx_ll_rtc.h:690:26:LL_RTC_GetHourFormat	16	static
../Drivers/STM32F0xx_HAL_Driver/Inc/stm32f0xx_ll_rtc.h:839:22:LL_RTC_EnableInitMode	16	static
../Drivers/STM32F0xx_HAL_Driver/Inc/stm32f0xx_ll_rtc.h:851:22:LL_RTC_DisableInitMode	16	static
../Drivers/STM32F0xx_HAL_Driver/Inc/stm32f0xx_ll_rtc.h:914:26:LL_RTC_IsShadowRegBypassEnabled	16	static
../Drivers/STM32F0xx_HAL_Driver/Inc/stm32f0xx_ll_rtc.h:952:22:LL_RTC_SetAsynchPrescaler	16	static
../Drivers/STM32F0xx_HAL_Driver/Inc/stm32f0xx_ll_rtc.h:964:22:LL_RTC_SetSynchPrescaler	16	static
../Drivers/STM32F0xx_HAL_Driver/Inc/stm32f0xx_ll_rtc.h:997:22:LL_RTC_EnableWriteProtection	16	static
../Drivers/STM32F0xx_HAL_Driver/Inc/stm32f0xx_ll_rtc.h:1008:22:LL_RTC_DisableWriteProtection	16	static
../Drivers/STM32F0xx_HAL_Driver/Inc/stm32f0xx_ll_rtc.h:1181:22:LL_RTC_TIME_Config	32	static
../Drivers/STM32F0xx_HAL_Driver/Inc/stm32f0xx_ll_rtc.h:1507:22:LL_RTC_DATE_Config	32	static
../Drivers/STM32F0xx_HAL_Driver/Inc/stm32f0xx_ll_rtc.h:1595:22:LL_RTC_ALMA_SetMask	16	static
../Drivers/STM32F0xx_HAL_Driver/Inc/stm32f0xx_ll_rtc.h:1626:22:LL_RTC_ALMA_EnableWeekday	16	static
../Drivers/STM32F0xx_HAL_Driver/Inc/stm32f0xx_ll_rtc.h:1637:22:LL_RTC_ALMA_DisableWeekday	16	static
../Drivers/STM32F0xx_HAL_Driver/Inc/stm32f0xx_ll_rtc.h:1651:22:LL_RTC_ALMA_SetDay	16	static
../Drivers/STM32F0xx_HAL_Driver/Inc/stm32f0xx_ll_rtc.h:1684:22:LL_RTC_ALMA_SetWeekDay	16	static
../Drivers/STM32F0xx_HAL_Driver/Inc/stm32f0xx_ll_rtc.h:1836:22:LL_RTC_ALMA_ConfigTime	32	static
../Drivers/STM32F0xx_HAL_Driver/Inc/stm32f0xx_ll_rtc.h:2840:26:LL_RTC_IsActiveFlag_INIT	16	static
../Drivers/STM32F0xx_HAL_Driver/Inc/stm32f0xx_ll_rtc.h:2851:26:LL_RTC_IsActiveFlag_RS	16	static
../Drivers/STM32F0xx_HAL_Driver/Inc/stm32f0xx_ll_rtc.h:2862:22:LL_RTC_ClearFlag_RS	16	static
../Drivers/STM32F0xx_HAL_Driver/Inc/stm32f0xx_ll_cortex.h:94:26:LL_SYSTICK_IsActiveCounterFlag	8	static
../Drivers/STM32F0xx_HAL_Driver/Src/stm32f0xx_ll_rtc.c:125:13:LL_RTC_DeInit	32	static
../Drivers/STM32F0xx_HAL_Driver/Src/stm32f0xx_ll_rtc.c:186:13:LL_RTC_Init	32	static
../Drivers/STM32F0xx_HAL_Driver/Src/stm32f0xx_ll_rtc.c:225:6:LL_RTC_StructInit	16	static
../Drivers/STM32F0xx_HAL_Driver/Src/stm32f0xx_ll_rtc.c:245:13:LL_RTC_TIME_Init	56	static
../Drivers/STM32F0xx_HAL_Driver/Src/stm32f0xx_ll_rtc.c:327:6:LL_RTC_TIME_StructInit	16	static
../Drivers/STM32F0xx_HAL_Driver/Src/stm32f0xx_ll_rtc.c:348:13:LL_RTC_DATE_Init	56	static
../Drivers/STM32F0xx_HAL_Driver/Src/stm32f0xx_ll_rtc.c:415:6:LL_RTC_DATE_StructInit	16	static
../Drivers/STM32F0xx_HAL_Driver/Src/stm32f0xx_ll_rtc.c:438:13:LL_RTC_ALMA_Init	48	static
../Drivers/STM32F0xx_HAL_Driver/Src/stm32f0xx_ll_rtc.c:548:6:LL_RTC_ALMA_StructInit	16	static
../Drivers/STM32F0xx_HAL_Driver/Src/stm32f0xx_ll_rtc.c:573:13:LL_RTC_EnterInitMode	32	static
../Drivers/STM32F0xx_HAL_Driver/Src/stm32f0xx_ll_rtc.c:617:13:LL_RTC_ExitInitMode	16	static
../Drivers/STM32F0xx_HAL_Driver/Src/stm32f0xx_ll_rtc.c:644:13:LL_RTC_WaitForSynchro	32	static
